This is pdfTeX, Version 3.141592653-2.6-1.40.27 (TeX Live 2026/dev/Arch Linux) (preloaded format=pdflatex 2025.9.6)  6 SEP 2025 15:53
entering extended mode
 restricted \write18 enabled.
 %&-line parsing enabled.
**refman
(./refman.tex
LaTeX2e <2024-11-01> patch level 2
L3 programming layer <2025-01-18>
(/usr/share/texmf-dist/tex/generic/iftex/iftex.sty
Package: iftex 2024/12/12 v1.0g TeX engine tests
)
(/usr/share/texmf-dist/tex/latex/base/book.cls
Document Class: book 2024/06/29 v1.4n Standard LaTeX document class
(/usr/share/texmf-dist/tex/latex/base/bk10.clo
File: bk10.clo 2024/06/29 v1.4n Standard LaTeX file (size option)
)
\c@part=\count196
\c@chapter=\count197
\c@section=\count198
\c@subsection=\count199
\c@subsubsection=\count266
\c@paragraph=\count267
\c@subparagraph=\count268
\c@figure=\count269
\c@table=\count270
\abovecaptionskip=\skip49
\belowcaptionskip=\skip50
\bibindent=\dimen141
)
(/usr/share/texmf-dist/tex/latex/base/ifthen.sty
Package: ifthen 2024/03/16 v1.1e Standard LaTeX ifthen package (DPC)
)
(/usr/share/texmf-dist/tex/latex/tools/array.sty
Rollback for package 'array' requested -> date 2016-10-06.
         Best approximation is the release introduced on 2016-10-06.

(/usr/share/texmf-dist/tex/latex/tools/array-2016-10-06.sty
Package: array 2016/10/06 v2.4d Tabular extension package (FMi)
\col@sep=\dimen142
\extrarowheight=\dimen143
\NC@list=\toks17
\extratabsurround=\skip51
\backup@length=\skip52
))
(/usr/share/texmf-dist/tex/generic/infwarerr/infwarerr.sty
package info suppressed
) (./doxygen.sty
Package: doxygen 

(/usr/share/texmf-dist/tex/latex/base/alltt.sty
Package: alltt 2024/07/07 v2.0g defines alltt environment
)
(/usr/share/texmf-dist/tex/latex/tools/calc.sty
Package: calc 2023/07/08 v4.3 Infix arithmetic (KKT,FJ)
\calc@Acount=\count271
\calc@Bcount=\count272
\calc@Adimen=\dimen144
\calc@Bdimen=\dimen145
\calc@Askip=\skip53
\calc@Bskip=\skip54
LaTeX Info: Redefining \setlength on input line 80.
LaTeX Info: Redefining \addtolength on input line 81.
\calc@Ccount=\count273
\calc@Cskip=\skip55
)
(/usr/share/texmf-dist/tex/latex/float/float.sty
Package: float 2001/11/08 v1.3d Float enhancements (AL)
\c@float@type=\count274
\float@exts=\toks18
\float@box=\box52
\@float@everytoks=\toks19
\@floatcapt=\box53
)
(/usr/share/texmf-dist/tex/latex/tools/verbatim.sty
Package: verbatim 2024-01-22 v1.5x LaTeX2e package for verbatim enhancements
\every@verbatim=\toks20
\verbatim@line=\toks21
\verbatim@in@stream=\read2
)
(/usr/share/texmf-dist/tex/latex/xcolor/xcolor.sty
Package: xcolor 2024/09/29 v3.02 LaTeX color extensions (UK)

(/usr/share/texmf-dist/tex/latex/graphics-cfg/color.cfg
File: color.cfg 2016/01/02 v1.6 sample color configuration
)
Package xcolor Info: Driver file: pdftex.def on input line 274.

(/usr/share/texmf-dist/tex/latex/graphics-def/pdftex.def
File: pdftex.def 2024/04/13 v1.2c Graphics/color driver for pdftex
)
(/usr/share/texmf-dist/tex/latex/graphics/mathcolor.ltx)
Package xcolor Info: Model `cmy' substituted by `cmy0' on input line 1349.
Package xcolor Info: Model `hsb' substituted by `rgb' on input line 1353.
Package xcolor Info: Model `RGB' extended on input line 1365.
Package xcolor Info: Model `HTML' substituted by `rgb' on input line 1367.
Package xcolor Info: Model `Hsb' substituted by `hsb' on input line 1368.
Package xcolor Info: Model `tHsb' substituted by `hsb' on input line 1369.
Package xcolor Info: Model `HSB' substituted by `hsb' on input line 1370.
Package xcolor Info: Model `Gray' substituted by `gray' on input line 1371.
Package xcolor Info: Model `wave' substituted by `hsb' on input line 1372.
)
(/usr/share/texmf-dist/tex/latex/colortbl/colortbl.sty
Package: colortbl 2024/07/06 v1.0i Color table columns (DPC)
\everycr=\toks22
\minrowclearance=\skip56
\rownum=\count275
)
(./longtable_doxygen.sty
Package: longtable_doxygen 2014/10/28 v4.11 Multi-page Table package (DPC) - fr
ozen version for doxygen
\LTleft=\skip57
\LTright=\skip58
\LTpre=\skip59
\LTpost=\skip60
\LTchunksize=\count276
\LTcapwidth=\dimen146
\LT@head=\box54
\LT@firsthead=\box55
\LT@foot=\box56
\LT@lastfoot=\box57
\LT@cols=\count277
\LT@rows=\count278
\c@LT@tables=\count279
\c@LT@chunks=\count280
\LT@p@ftn=\toks23
) (./tabu_doxygen.sty
Package: tabu_doxygen 2011/02/26 v2.8 - flexible LaTeX tabulars (FC), frozen ve
rsion for doxygen

(/usr/share/texmf-dist/tex/latex/varwidth/varwidth.sty
Package: varwidth 2009/03/30 ver 0.92;  Variable-width minipages
\@vwid@box=\box58
\sift@deathcycles=\count281
\@vwid@loff=\dimen147
\@vwid@roff=\dimen148
)
\c@taburow=\count282
\tabu@nbcols=\count283
\tabu@cnt=\count284
\tabu@Xcol=\count285
\tabu@alloc=\count286
\tabu@nested=\count287
\tabu@target=\dimen149
\tabu@spreadtarget=\dimen150
\tabu@naturalX=\dimen151
\tabucolX=\dimen152
\tabu@Xsum=\dimen153
\extrarowdepth=\dimen154
\abovetabulinesep=\dimen155
\belowtabulinesep=\dimen156
\tabustrutrule=\dimen157
\tabu@thebody=\toks24
\tabu@footnotes=\toks25
\tabu@box=\box59
\tabu@arstrutbox=\box60
\tabu@hleads=\box61
\tabu@vleads=\box62
\tabu@cellskip=\skip61
)
(/usr/share/texmf-dist/tex/latex/fancyvrb/fancyvrb.sty
Package: fancyvrb 2024/01/20 4.5c verbatim text (tvz,hv)

(/usr/share/texmf-dist/tex/latex/graphics/keyval.sty
Package: keyval 2022/05/29 v1.15 key=value parser (DPC)
\KV@toks@=\toks26
)
\FV@CodeLineNo=\count288
\FV@InFile=\read3
\FV@TabBox=\box63
\c@FancyVerbLine=\count289
\FV@StepNumber=\count290
\FV@OutFile=\write3
)
(/usr/share/texmf-dist/tex/latex/tools/tabularx.sty
Package: tabularx 2023/12/11 v2.12a `tabularx' package (DPC)
\TX@col@width=\dimen158
\TX@old@table=\dimen159
\TX@old@col=\dimen160
\TX@target=\dimen161
\TX@delta=\dimen162
\TX@cols=\count291
\TX@ftn=\toks27
)
(/usr/share/texmf-dist/tex/latex/tools/multicol.sty
Package: multicol 2024/09/14 v1.9i multicolumn formatting (FMi)
\c@tracingmulticols=\count292
\mult@box=\box64
\multicol@leftmargin=\dimen163
\c@unbalance=\count293
\c@collectmore=\count294
\doublecol@number=\count295
\multicoltolerance=\count296
\multicolpretolerance=\count297
\full@width=\dimen164
\page@free=\dimen165
\premulticols=\dimen166
\postmulticols=\dimen167
\multicolsep=\skip62
\multicolbaselineskip=\skip63
\partial@page=\box65
\last@line=\box66
\mc@boxedresult=\box67
\maxbalancingoverflow=\dimen168
\mult@rightbox=\box68
\mult@grightbox=\box69
\mult@firstbox=\box70
\mult@gfirstbox=\box71
\@tempa=\box72
\@tempa=\box73
\@tempa=\box74
\@tempa=\box75
\@tempa=\box76
\@tempa=\box77
\@tempa=\box78
\@tempa=\box79
\@tempa=\box80
\@tempa=\box81
\@tempa=\box82
\@tempa=\box83
\@tempa=\box84
\@tempa=\box85
\@tempa=\box86
\@tempa=\box87
\@tempa=\box88
\@tempa=\box89
\@tempa=\box90
\@tempa=\box91
\@tempa=\box92
\@tempa=\box93
\@tempa=\box94
\@tempa=\box95
\@tempa=\box96
\@tempa=\box97
\@tempa=\box98
\@tempa=\box99
\@tempa=\box100
\@tempa=\box101
\@tempa=\box102
\@tempa=\box103
\@tempa=\box104
\@tempa=\box105
\@tempa=\box106
\@tempa=\box107
\c@minrows=\count298
\c@columnbadness=\count299
\c@finalcolumnbadness=\count300
\last@try=\dimen169
\multicolovershoot=\dimen170
\multicolundershoot=\dimen171
\mult@nat@firstbox=\box108
\colbreak@box=\box109
\mc@col@check@num=\count301
)
(/usr/share/texmf-dist/tex/latex/multirow/multirow.sty
Package: multirow 2024/11/12 v2.9 Span multiple rows of a table
\multirow@colwidth=\skip64
\multirow@cntb=\count302
\multirow@dima=\skip65
\bigstrutjot=\dimen172
)
(/usr/share/texmf-dist/tex/latex/hanging/hanging.sty
Package: hanging 2009/09/02 v1.2b hanging paragraphs and punctuation
\h@ngcommawd=\skip66
\h@ngfstopwd=\skip67
\h@ngquotewd=\skip68
\h@ngdquotewd=\skip69
\h@ngquerywd=\skip70
\h@ngexclwd=\skip71
\h@ngcolonwd=\skip72
\h@ngscolonwd=\skip73
)
(/usr/share/texmf-dist/tex/generic/iftex/ifpdf.sty
Package: ifpdf 2019/10/25 v3.4 ifpdf legacy package. Use iftex instead.
)
(/usr/share/texmf-dist/tex/latex/adjustbox/adjustbox.sty
Package: adjustbox 2025/02/26 v1.3c Adjusting TeX boxes (trim, clip, ...)

(/usr/share/texmf-dist/tex/latex/xkeyval/xkeyval.sty
Package: xkeyval 2022/06/16 v2.9 package option processing (HA)

(/usr/share/texmf-dist/tex/generic/xkeyval/xkeyval.tex
(/usr/share/texmf-dist/tex/generic/xkeyval/xkvutils.tex
\XKV@toks=\toks28
\XKV@tempa@toks=\toks29
)
\XKV@depth=\count303
File: xkeyval.tex 2014/12/03 v2.7a key=value parser (HA)
))
(/usr/share/texmf-dist/tex/latex/adjustbox/adjcalc.sty
Package: adjcalc 2012/05/16 v1.1 Provides advanced setlength with multiple back
-ends (calc, etex, pgfmath)
)
(/usr/share/texmf-dist/tex/latex/adjustbox/trimclip.sty
Package: trimclip 2025/02/21 v1.2a Trim and clip general TeX material

(/usr/share/texmf-dist/tex/latex/graphics/graphicx.sty
Package: graphicx 2021/09/16 v1.2d Enhanced LaTeX Graphics (DPC,SPQR)

(/usr/share/texmf-dist/tex/latex/graphics/graphics.sty
Package: graphics 2024/08/06 v1.4g Standard LaTeX Graphics (DPC,SPQR)

(/usr/share/texmf-dist/tex/latex/graphics/trig.sty
Package: trig 2023/12/02 v1.11 sin cos tan (DPC)
)
(/usr/share/texmf-dist/tex/latex/graphics-cfg/graphics.cfg
File: graphics.cfg 2016/06/04 v1.11 sample graphics configuration
)
Package graphics Info: Driver file: pdftex.def on input line 106.
)
\Gin@req@height=\dimen173
\Gin@req@width=\dimen174
)
(/usr/share/texmf-dist/tex/latex/collectbox/collectbox.sty
Package: collectbox 2022/10/17 v0.4c Collect macro arguments as boxes
\collectedbox=\box110
)
\tc@llx=\dimen175
\tc@lly=\dimen176
\tc@urx=\dimen177
\tc@ury=\dimen178
Package trimclip Info: Using driver 'tc-pdftex.def'.

(/usr/share/texmf-dist/tex/latex/adjustbox/tc-pdftex.def
File: tc-pdftex.def 2025/02/26 v2.3 Clipping driver for pdftex
))
\adjbox@Width=\dimen179
\adjbox@Height=\dimen180
\adjbox@Depth=\dimen181
\adjbox@Totalheight=\dimen182
\adjbox@pwidth=\dimen183
\adjbox@pheight=\dimen184
\adjbox@pdepth=\dimen185
\adjbox@ptotalheight=\dimen186

(/usr/share/texmf-dist/tex/latex/ifoddpage/ifoddpage.sty
Package: ifoddpage 2022/10/18 v1.2 Conditionals for odd/even page detection
\c@checkoddpage=\count304
))
(/usr/share/texmf-dist/tex/latex/amsfonts/amssymb.sty
Package: amssymb 2013/01/14 v3.01 AMS font symbols

(/usr/share/texmf-dist/tex/latex/amsfonts/amsfonts.sty
Package: amsfonts 2013/01/14 v3.01 Basic AMSFonts support
\@emptytoks=\toks30
\symAMSa=\mathgroup4
\symAMSb=\mathgroup5
LaTeX Font Info:    Redeclaring math symbol \hbar on input line 98.
LaTeX Font Info:    Overwriting math alphabet `\mathfrak' in version `bold'
(Font)                  U/euf/m/n --> U/euf/b/n on input line 106.
))
(/usr/share/texmf-dist/tex/latex/stackengine/stackengine.sty
Package: stackengine 2021/07/22 v4.11\ Stacking text and objects in convenient 
ways

(/usr/share/texmf-dist/tex/latex/etoolbox/etoolbox.sty
Package: etoolbox 2025/02/11 v2.5l e-TeX tools for LaTeX (JAW)
\etb@tempcnta=\count305
)
(/usr/share/texmf-dist/tex/generic/listofitems/listofitems.sty
(/usr/share/texmf-dist/tex/generic/listofitems/listofitems.tex
\loi_cnt_foreach_nest=\count306
\loi_nestcnt=\count307
)
Package: listofitems 2024/03/09 v1.65 Grab items in lists using user-specified 
sep char (CT)
)
\c@@stackindex=\count308
\@boxshift=\skip74
\stack@tmplength=\skip75
\temp@stkl=\skip76
\@stackedboxwidth=\skip77
\@addedbox=\box111
\@anchorbox=\box112
\@insetbox=\box113
\se@backgroundbox=\box114
\stackedbox=\box115
\@centerbox=\box116
\c@ROWcellindex@=\count309
)
(/usr/share/texmf-dist/tex/latex/enumitem/enumitem.sty
Package: enumitem 2025/02/06 v3.11 Customized lists
\labelindent=\skip78
\enit@outerparindent=\dimen187
\enit@toks=\toks31
\enit@inbox=\box117
\enit@count@id=\count310
\enitdp@description=\count311
)
(/usr/share/texmf-dist/tex/generic/alphalph/alphalph.sty
Package: alphalph 2019/12/09 v2.6 Convert numbers to letters (HO)

(/usr/share/texmf-dist/tex/generic/intcalc/intcalc.sty
Package: intcalc 2019/12/15 v1.3 Expandable calculations with integers (HO)
))
(/usr/share/texmf-dist/tex/generic/ulem/ulem.sty
\UL@box=\box118
\UL@hyphenbox=\box119
\UL@skip=\skip79
\UL@hook=\toks32
\UL@height=\dimen188
\UL@pe=\count312
\UL@pixel=\dimen189
\ULC@box=\box120
Package: ulem 2019/11/18
\ULdepth=\dimen190
)
\xrefbox=\box121
\xreflength=\skip80
\CodeWidthChar=\skip81
\CodeHeightChar=\skip82
\DoxyCodeWidth=\skip83
\c@DoxyEnumeratei=\count313
\c@DoxyEnumerateii=\count314
\c@DoxyEnumerateiii=\count315
\c@DoxyEnumerateiv=\count316
\c@DoxyEnumeratev=\count317
\c@DoxyEnumeratevi=\count318
\c@DoxyEnumeratevii=\count319
\c@DoxyEnumerateviii=\count320
\c@DoxyEnumerateix=\count321
\c@DoxyEnumeratex=\count322
\c@DoxyEnumeratexi=\count323
\c@DoxyEnumeratexii=\count324
\enitdp@DoxyEnumerate=\count325
\enitdp@DoxyItemize=\count326
\c@subsubsubsection=\count327
\c@subsubsubsubsection=\count328
\c@subsubsubsubsubsection=\count329
\c@subsubsubsubsubsubsection=\count330
)
(/usr/share/texmf-dist/tex/latex/base/inputenc.sty
Package: inputenc 2024/02/08 v1.3d Input encoding file
\inpenc@prehook=\toks33
\inpenc@posthook=\toks34
)
(/usr/share/texmf-dist/tex/latex/base/makeidx.sty
Package: makeidx 2021/10/04 v1.0m Standard LaTeX package
)
(/usr/share/texmf-dist/tex/latex/base/textcomp.sty
Package: textcomp 2024/04/24 v2.1b Standard LaTeX package
)
(/usr/share/texmf-dist/tex/latex/wasysym/wasysym.sty
Package: wasysym 2020/01/19 v2.4 Wasy-2 symbol support package
\symwasy=\mathgroup6
LaTeX Font Info:    Overwriting symbol font `wasy' in version `bold'
(Font)                  U/wasy/m/n --> U/wasy/b/n on input line 93.
)
(/usr/share/texmf-dist/tex/generic/iftex/ifxetex.sty
Package: ifxetex 2019/10/25 v0.7 ifxetex legacy package. Use iftex instead.
)
(/usr/share/texmf-dist/tex/latex/base/fontenc.sty
Package: fontenc 2021/04/29 v2.0v Standard LaTeX package
)
(/usr/share/texmf-dist/tex/latex/psnfss/helvet.sty
Package: helvet 2020/03/25 PSNFSS-v9.3 (WaS) 
)
(/usr/share/texmf-dist/tex/latex/psnfss/courier.sty
Package: courier 2020/03/25 PSNFSS-v9.3 (WaS) 
)
(/usr/share/texmf-dist/tex/latex/geometry/geometry.sty
Package: geometry 2020/01/02 v5.9 Page Geometry

(/usr/share/texmf-dist/tex/generic/iftex/ifvtex.sty
Package: ifvtex 2019/10/25 v1.7 ifvtex legacy package. Use iftex instead.
)
\Gm@cnth=\count331
\Gm@cntv=\count332
\c@Gm@tempcnt=\count333
\Gm@bindingoffset=\dimen191
\Gm@wd@mp=\dimen192
\Gm@odd@mp=\dimen193
\Gm@even@mp=\dimen194
\Gm@layoutwidth=\dimen195
\Gm@layoutheight=\dimen196
\Gm@layouthoffset=\dimen197
\Gm@layoutvoffset=\dimen198
\Gm@dimlist=\toks35
)
(/usr/share/texmf-dist/tex/latex/changepage/changepage.sty
Package: changepage 2009/10/20 v1.0c check page and change page layout
\c@cp@cntr=\count334
\cp@tempcnt=\count335
LaTeX Info: Redefining \checkoddpage on input line 59.
)
(/usr/share/texmf-dist/tex/latex/fancyhdr/fancyhdr.sty
Package: fancyhdr 2025/02/07 v5.2 Extensive control of page headers and footers

\f@nch@headwidth=\skip84
\f@nch@offset@elh=\skip85
\f@nch@offset@erh=\skip86
\f@nch@offset@olh=\skip87
\f@nch@offset@orh=\skip88
\f@nch@offset@elf=\skip89
\f@nch@offset@erf=\skip90
\f@nch@offset@olf=\skip91
\f@nch@offset@orf=\skip92
\f@nch@height=\skip93
\f@nch@footalignment=\skip94
\f@nch@widthL=\skip95
\f@nch@widthC=\skip96
\f@nch@widthR=\skip97
\@temptokenb=\toks36
)
(/usr/share/texmf-dist/tex/latex/natbib/natbib.sty
Package: natbib 2010/09/13 8.31b (PWD, AO)
\bibhang=\skip98
\bibsep=\skip99
LaTeX Info: Redefining \cite on input line 694.
\c@NAT@ctr=\count336
)
(/usr/share/texmf-dist/tex/latex/tocloft/tocloft.sty
Package: tocloft 2017/08/31 v2.3i parameterised ToC, etc., typesetting
Package tocloft Info: The document has chapter divisions on input line 51.
\cftparskip=\skip100
\cftbeforetoctitleskip=\skip101
\cftaftertoctitleskip=\skip102
\cftbeforepartskip=\skip103
\cftpartnumwidth=\skip104
\cftpartindent=\skip105
\cftbeforechapskip=\skip106
\cftchapindent=\skip107
\cftchapnumwidth=\skip108
\cftbeforesecskip=\skip109
\cftsecindent=\skip110
\cftsecnumwidth=\skip111
\cftbeforesubsecskip=\skip112
\cftsubsecindent=\skip113
\cftsubsecnumwidth=\skip114
\cftbeforesubsubsecskip=\skip115
\cftsubsubsecindent=\skip116
\cftsubsubsecnumwidth=\skip117
\cftbeforeparaskip=\skip118
\cftparaindent=\skip119
\cftparanumwidth=\skip120
\cftbeforesubparaskip=\skip121
\cftsubparaindent=\skip122
\cftsubparanumwidth=\skip123
\cftbeforeloftitleskip=\skip124
\cftafterloftitleskip=\skip125
\cftbeforefigskip=\skip126
\cftfigindent=\skip127
\cftfignumwidth=\skip128
\c@lofdepth=\count337
\c@lotdepth=\count338
\cftbeforelottitleskip=\skip129
\cftafterlottitleskip=\skip130
\cftbeforetabskip=\skip131
\cfttabindent=\skip132
\cfttabnumwidth=\skip133
)
\@indexfile=\write4
\openout4 = `refman.idx'.


Writing index file refman.idx
(/usr/share/texmf-dist/tex/latex/newunicodechar/newunicodechar.sty
Package: newunicodechar 2018/04/08 v1.2 Defining Unicode characters
)
(/usr/share/texmf-dist/tex/latex/hyperref/hyperref.sty
Package: hyperref 2024-11-05 v7.01l Hypertext links for LaTeX

(/usr/share/texmf-dist/tex/latex/kvsetkeys/kvsetkeys.sty
Package: kvsetkeys 2022-10-05 v1.19 Key value parser (HO)
)
(/usr/share/texmf-dist/tex/generic/kvdefinekeys/kvdefinekeys.sty
Package: kvdefinekeys 2019-12-19 v1.6 Define keys (HO)
)
(/usr/share/texmf-dist/tex/generic/pdfescape/pdfescape.sty
Package: pdfescape 2019/12/09 v1.15 Implements pdfTeX's escape features (HO)

(/usr/share/texmf-dist/tex/generic/ltxcmds/ltxcmds.sty
Package: ltxcmds 2023-12-04 v1.26 LaTeX kernel commands for general use (HO)
)
(/usr/share/texmf-dist/tex/generic/pdftexcmds/pdftexcmds.sty
Package: pdftexcmds 2020-06-27 v0.33 Utility functions of pdfTeX for LuaTeX (HO
)
Package pdftexcmds Info: \pdf@primitive is available.
Package pdftexcmds Info: \pdf@ifprimitive is available.
Package pdftexcmds Info: \pdfdraftmode found.
))
(/usr/share/texmf-dist/tex/latex/hycolor/hycolor.sty
Package: hycolor 2020-01-27 v1.10 Color options for hyperref/bookmark (HO)
)
(/usr/share/texmf-dist/tex/latex/hyperref/nameref.sty
Package: nameref 2023-11-26 v2.56 Cross-referencing by name of section

(/usr/share/texmf-dist/tex/latex/refcount/refcount.sty
Package: refcount 2019/12/15 v3.6 Data extraction from label references (HO)
)
(/usr/share/texmf-dist/tex/generic/gettitlestring/gettitlestring.sty
Package: gettitlestring 2019/12/15 v1.6 Cleanup title references (HO)

(/usr/share/texmf-dist/tex/latex/kvoptions/kvoptions.sty
Package: kvoptions 2022-06-15 v3.15 Key value format for package options (HO)
))
\c@section@level=\count339
)
(/usr/share/texmf-dist/tex/generic/stringenc/stringenc.sty
Package: stringenc 2019/11/29 v1.12 Convert strings between diff. encodings (HO
)
)
\@linkdim=\dimen199
\Hy@linkcounter=\count340
\Hy@pagecounter=\count341

(/usr/share/texmf-dist/tex/latex/hyperref/pd1enc.def
File: pd1enc.def 2024-11-05 v7.01l Hyperref: PDFDocEncoding definition (HO)
Now handling font encoding PD1 ...
... no UTF-8 mapping file for font encoding PD1
)
\Hy@SavedSpaceFactor=\count342

(/usr/share/texmf-dist/tex/latex/hyperref/puenc.def
File: puenc.def 2024-11-05 v7.01l Hyperref: PDF Unicode definition (HO)
Now handling font encoding PU ...
... no UTF-8 mapping file for font encoding PU
)
Package hyperref Info: Hyper figures OFF on input line 4157.
Package hyperref Info: Link nesting OFF on input line 4162.
Package hyperref Info: Hyper index ON on input line 4165.
Package hyperref Info: Plain pages OFF on input line 4172.
Package hyperref Info: Backreferencing ON on input line 4175.
Package hyperref Info: Implicit mode ON; LaTeX internals redefined.
Package hyperref Info: Bookmarks ON on input line 4424.

(/usr/share/texmf-dist/tex/latex/hyperref/backref.sty
Package: backref 2023-11-26 v1.44 Bibliographical back referencing

(/usr/share/texmf-dist/tex/latex/rerunfilecheck/rerunfilecheck.sty
Package: rerunfilecheck 2022-07-10 v1.10 Rerun checks for auxiliary files (HO)

(/usr/share/texmf-dist/tex/latex/base/atveryend-ltx.sty
Package: atveryend-ltx 2020/08/19 v1.0a Emulation of the original atveryend pac
kage
with kernel methods
)
(/usr/share/texmf-dist/tex/generic/uniquecounter/uniquecounter.sty
Package: uniquecounter 2019/12/15 v1.4 Provide unlimited unique counter (HO)

(/usr/share/texmf-dist/tex/generic/bigintcalc/bigintcalc.sty
Package: bigintcalc 2019/12/15 v1.5 Expandable calculations on big integers (HO
)
))
Package uniquecounter Info: New unique counter `rerunfilecheck' on input line 2
85.
))
\c@Hy@tempcnt=\count343

(/usr/share/texmf-dist/tex/latex/url/url.sty
\Urlmuskip=\muskip17
Package: url 2013/09/16  ver 3.4  Verb mode for urls, etc.
)
LaTeX Info: Redefining \url on input line 4763.
\XeTeXLinkMargin=\dimen256

(/usr/share/texmf-dist/tex/generic/bitset/bitset.sty
Package: bitset 2019/12/09 v1.3 Handle bit-vector datatype (HO)
)
\Fld@menulength=\count344
\Field@Width=\dimen257
\Fld@charsize=\dimen258
Package hyperref Info: Hyper figures OFF on input line 6042.
Package hyperref Info: Link nesting OFF on input line 6047.
Package hyperref Info: Hyper index ON on input line 6050.
Package hyperref Info: backreferencing ON on input line 6055.
Package hyperref Info: Link coloring OFF on input line 6062.
Package hyperref Info: Link coloring with OCG OFF on input line 6067.
Package hyperref Info: PDF/A mode OFF on input line 6072.

(/usr/share/texmf-dist/tex/latex/base/atbegshi-ltx.sty
Package: atbegshi-ltx 2021/01/10 v1.0c Emulation of the original atbegshi
package with kernel methods
)
\Hy@abspage=\count345
\c@Item=\count346
\c@Hfootnote=\count347
)
Package hyperref Info: Driver: hpdftex.

(/usr/share/texmf-dist/tex/latex/hyperref/hpdftex.def
File: hpdftex.def 2024-11-05 v7.01l Hyperref driver for pdfTeX
\Fld@listcount=\count348
\c@bookmark@seq@number=\count349
\Hy@SectionHShift=\skip134
)
Package hyperref Info: Option `colorlinks' set `true' on input line 187.
Package hyperref Info: Option `unicode' set `true' on input line 187.

(/usr/share/texmf-dist/tex/latex/caption/caption.sty
Package: caption 2023/08/05 v3.6o Customizing captions (AR)

(/usr/share/texmf-dist/tex/latex/caption/caption3.sty
Package: caption3 2023/07/31 v2.4d caption3 kernel (AR)
\caption@tempdima=\dimen259
\captionmargin=\dimen260
\caption@leftmargin=\dimen261
\caption@rightmargin=\dimen262
\caption@width=\dimen263
\caption@indent=\dimen264
\caption@parindent=\dimen265
\caption@hangindent=\dimen266
Package caption Info: Standard document class detected.
)
\c@caption@flags=\count350
\c@continuedfloat=\count351
Package caption Info: changepage package is loaded.
\caption@adjustwidth@hsize=\dimen267
\caption@adjustwidth@linewidth=\dimen268
Package caption Info: float package is loaded.
Package caption Info: hyperref package is loaded.
Package caption Info: longtable package is loaded.

(/usr/share/texmf-dist/tex/latex/caption/ltcaption.sty
Package: ltcaption 2021/01/08 v1.4c longtable captions (AR)
))
(/usr/share/texmf-dist/tex/latex/etoc/etoc.sty
Package: etoc 2023/10/29 v1.2d Completely customisable TOCs (JFB)
\Etoc@toctoks=\toks37
\c@etoc@tocid=\count352
\etoc@framed@titlebox=\box122
\etoc@framed@contentsbox=\box123
)
LaTeX Font Info:    Trying to load font information for T1+phv on input line 20
9.

(/usr/share/texmf-dist/tex/latex/psnfss/t1phv.fd
File: t1phv.fd 2020/03/25 scalable font definitions for T1/phv.
)
LaTeX Font Info:    Font shape `T1/phv/m/n' will be
(Font)              scaled to size 8.99994pt on input line 209.

(/usr/share/texmf-dist/tex/latex/l3backend/l3backend-pdftex.def
File: l3backend-pdftex.def 2024-05-08 L3 backend support: PDF output (pdfTeX)
\l__color_backend_stack_int=\count353
\l__pdf_internal_box=\box124
) (./refman.aux

LaTeX Warning: Label `doc-func-members' multiply defined.


LaTeX Warning: Label `doc-func-members' multiply defined.


LaTeX Warning: Label `doc-func-members' multiply defined.


LaTeX Warning: Label `doc-func-members' multiply defined.


LaTeX Warning: Label `doc-func-members' multiply defined.


LaTeX Warning: Label `doc-func-members' multiply defined.


LaTeX Warning: Label `doc-func-members' multiply defined.


LaTeX Warning: Label `doc-func-members' multiply defined.


LaTeX Warning: Label `doc-func-members' multiply defined.


LaTeX Warning: Label `doc-func-members' multiply defined.


LaTeX Warning: Label `doc-func-members' multiply defined.


LaTeX Warning: Label `doc-func-members' multiply defined.


LaTeX Warning: Label `doc-func-members' multiply defined.


LaTeX Warning: Label `doc-func-members' multiply defined.


LaTeX Warning: Label `doc-func-members' multiply defined.


LaTeX Warning: Label `doc-func-members' multiply defined.


LaTeX Warning: Label `doc-func-members' multiply defined.


LaTeX Warning: Label `doc-func-members' multiply defined.


LaTeX Warning: Label `doc-func-members' multiply defined.


LaTeX Warning: Label `doc-func-members' multiply defined.


LaTeX Warning: Label `doc-func-members' multiply defined.

)
\openout1 = `refman.aux'.

LaTeX Font Info:    Checking defaults for OML/cmm/m/it on input line 209.
LaTeX Font Info:    ... okay on input line 209.
LaTeX Font Info:    Checking defaults for OMS/cmsy/m/n on input line 209.
LaTeX Font Info:    ... okay on input line 209.
LaTeX Font Info:    Checking defaults for OT1/cmr/m/n on input line 209.
LaTeX Font Info:    ... okay on input line 209.
LaTeX Font Info:    Checking defaults for T1/cmr/m/n on input line 209.
LaTeX Font Info:    ... okay on input line 209.
LaTeX Font Info:    Checking defaults for TS1/cmr/m/n on input line 209.
LaTeX Font Info:    ... okay on input line 209.
LaTeX Font Info:    Checking defaults for OMX/cmex/m/n on input line 209.
LaTeX Font Info:    ... okay on input line 209.
LaTeX Font Info:    Checking defaults for U/cmr/m/n on input line 209.
LaTeX Font Info:    ... okay on input line 209.
LaTeX Font Info:    Checking defaults for PD1/pdf/m/n on input line 209.
LaTeX Font Info:    ... okay on input line 209.
LaTeX Font Info:    Checking defaults for PU/pdf/m/n on input line 209.
LaTeX Font Info:    ... okay on input line 209.
 (/usr/share/texmf-dist/tex/context/base/mkii/supp-pdf.mkii
[Loading MPS to PDF converter (version 2006.09.02).]
\scratchcounter=\count354
\scratchdimen=\dimen269
\scratchbox=\box125
\nofMPsegments=\count355
\nofMParguments=\count356
\everyMPshowfont=\toks38
\MPscratchCnt=\count357
\MPscratchDim=\dimen270
\MPnumerator=\count358
\makeMPintoPDFobject=\count359
\everyMPtoPDFconversion=\toks39
) (/usr/share/texmf-dist/tex/latex/epstopdf-pkg/epstopdf-base.sty
Package: epstopdf-base 2020-01-24 v2.11 Base part for package epstopdf
Package epstopdf-base Info: Redefining graphics rule for `.eps' on input line 4
85.

(/usr/share/texmf-dist/tex/latex/latexconfig/epstopdf-sys.cfg
File: epstopdf-sys.cfg 2010/07/13 v1.3 Configuration of (r)epstopdf for TeX Liv
e
))
*geometry* driver: auto-detecting
*geometry* detected driver: pdftex
*geometry* verbose mode - [ preamble ] result:
* driver: pdftex
* paper: a4paper
* layout: <same size as paper>
* layoutoffset:(h,v)=(0.0pt,0.0pt)
* modes: twoside 
* h-part:(L,W,R)=(71.13188pt, 455.24411pt, 71.13188pt)
* v-part:(T,H,B)=(71.13188pt, 702.78308pt, 71.13188pt)
* \paperwidth=597.50787pt
* \paperheight=845.04684pt
* \textwidth=455.24411pt
* \textheight=702.78308pt
* \oddsidemargin=-1.1381pt
* \evensidemargin=-1.1381pt
* \topmargin=-31.2056pt
* \headheight=12.0pt
* \headsep=18.06749pt
* \topskip=10.0pt
* \footskip=25.29494pt
* \marginparwidth=125.0pt
* \marginparsep=7.0pt
* \columnsep=10.0pt
* \skip\footins=9.0pt plus 4.0pt minus 2.0pt
* \hoffset=0.0pt
* \voffset=0.0pt
* \mag=1000
* \@twocolumnfalse
* \@twosidetrue
* \@mparswitchtrue
* \@reversemarginfalse
* (1in=72.27pt=25.4mm, 1cm=28.453pt)

Package backref Info: ** backref set up for natbib ** on input line 209.
Package hyperref Info: Link coloring ON on input line 209.
(./refman.out) (./refman.out)
\@outlinefile=\write5
\openout5 = `refman.out'.

Package caption Info: Begin \AtBeginDocument code.
Package caption Info: End \AtBeginDocument code.
\Etoc@tf=\read4
Package hyperref Info: Option `pageanchor' set `false' on input line 217.
Package hyperref Info: Option `bookmarksnumbered' set `true' on input line 217.

Package hyperref Info: Option `unicode' set `true' on input line 217.
LaTeX Font Info:    Font shape `T1/phv/m/n' will be
(Font)              scaled to size 12.9599pt on input line 222.
LaTeX Font Info:    Font shape `T1/phv/m/n' will be
(Font)              scaled to size 6.29996pt on input line 222.
LaTeX Font Info:    Trying to load font information for U+msa on input line 222
.
 (/usr/share/texmf-dist/tex/latex/amsfonts/umsa.fd
File: umsa.fd 2013/01/14 v3.01 AMS symbols A
)
LaTeX Font Info:    Trying to load font information for U+msb on input line 222
.
 (/usr/share/texmf-dist/tex/latex/amsfonts/umsb.fd
File: umsb.fd 2013/01/14 v3.01 AMS symbols B
)
LaTeX Font Info:    Trying to load font information for U+wasy on input line 22
2.

(/usr/share/texmf-dist/tex/latex/wasysym/uwasy.fd
File: uwasy.fd 2020/01/19 v2.4 Wasy-2 symbol font definitions
)
LaTeX Font Info:    Font shape `T1/phv/m/n' will be
(Font)              scaled to size 10.79993pt on input line 223.


[1


{/var/lib/texmf/fonts/map/pdftex/updmap/pdftex.map}{/usr/share/texmf-dist/fonts
/enc/dvips/base/8r.enc}]

[2

]
\tf@toc=\write6
\openout6 = `refman.toc'.

LaTeX Font Info:    Font shape `T1/phv/b/n' will be
(Font)              scaled to size 8.99994pt on input line 231.


LaTeX Font Info:    Font shape `T1/phv/b/n' will be
(Font)              scaled to size 6.29996pt on input line 231.
[1]
LaTeX Font Info:    Font shape `T1/phv/m/n' will be
(Font)              scaled to size 7.19995pt on input line 231.
LaTeX Font Info:    Trying to load font information for T1+pcr on input line 23
1.
 (/usr/share/texmf-dist/tex/latex/psnfss/t1pcr.fd
File: t1pcr.fd 2001/06/04 font definitions for T1/pcr.
)

[2]

[3]

[4]

[5]

[6

]
Package hyperref Info: Option `pageanchor' set `true' on input line 234.

Chapter 1.
LaTeX Font Info:    Font shape `T1/phv/m/n' will be
(Font)              scaled to size 18.66588pt on input line 236.
LaTeX Font Info:    Font shape `T1/phv/b/n' will be
(Font)              scaled to size 18.66588pt on input line 236.
LaTeX Font Info:    Font shape `T1/phv/b/n' will be
(Font)              scaled to size 22.39185pt on input line 236.
(./namespaces.tex
LaTeX Font Info:    Font shape `T1/phv/b/n' will be
(Font)              scaled to size 12.9599pt on input line 1.
)

[1

]

[2

]
Chapter 2.
(./hierarchy.tex

[3])

[4]
Chapter 3.
(./annotated.tex
LaTeX Font Info:    Font shape `T1/phv/m/it' in size <10> not available
(Font)              Font shape `T1/phv/m/sl' tried instead on input line 18.
LaTeX Font Info:    Font shape `T1/phv/m/sl' will be
(Font)              scaled to size 8.99994pt on input line 18.


[5

]
LaTeX Font Info:    Trying to load font information for TS1+phv on input line 4
4.
 (/usr/share/texmf-dist/tex/latex/psnfss/ts1phv.fd
File: ts1phv.fd 2020/03/25 scalable font definitions for TS1/phv.
)
LaTeX Font Info:    Font shape `TS1/phv/m/n' will be
(Font)              scaled to size 8.99994pt on input line 44.


[6])

[7]

[8

]
Chapter 4.
(./df/df4/namespaceMyMusicTaste.tex)
(./d7/d64/namespaceMyMusicTaste_1_1Components.tex)
(./d8/d99/namespaceMyMusicTaste_1_1Components_1_1Comments.tex
LaTeX Font Info:    Font shape `T1/phv/m/n' will be
(Font)              scaled to size 8.09995pt on input line 7.
LaTeX Font Info:    Font shape `T1/phv/m/it' in size <9> not available
(Font)              Font shape `T1/phv/m/sl' tried instead on input line 7.
LaTeX Font Info:    Font shape `T1/phv/m/sl' will be
(Font)              scaled to size 8.09995pt on input line 7.
)
(./d4/d1d/namespaceMyMusicTaste_1_1Components_1_1Dialogs.tex)
(./d5/de5/namespaceMyMusicTaste_1_1Components_1_1Misc.tex

[9]) (./dc/d91/namespaceMyMusicTaste_1_1Components_1_1Page__Auth.tex)
(./d3/d98/namespaceMyMusicTaste_1_1Components_1_1Page__Home.tex)
(./d0/dd3/namespaceMyMusicTaste_1_1Components_1_1Page__Search.tex
LaTeX Font Info:    Font shape `TS1/phv/m/it' in size <9> not available
(Font)              Font shape `TS1/phv/m/sl' tried instead on input line 11.
LaTeX Font Info:    Font shape `TS1/phv/m/sl' will be
(Font)              scaled to size 8.09995pt on input line 11.
)
(./d7/d67/namespaceMyMusicTaste_1_1Components_1_1Page__Song.tex)
(./d7/d09/namespaceMyMusicTaste_1_1Components_1_1Page__SongSubmission.tex

[10]) (./d2/dda/namespaceMyMusicTaste_1_1Components_1_1Page__User.tex)
(./db/df4/namespaceMyMusicTaste_1_1Database.tex)
(./da/df3/namespaceMyMusicTaste_1_1Database_1_1Contexts.tex)
(./d6/df8/namespaceMyMusicTaste_1_1Database_1_1Contexts_1_1MongoDb.tex
LaTeX Font Info:    Font shape `T1/phv/m/it' in size <7> not available
(Font)              Font shape `T1/phv/m/sl' tried instead on input line 7.
LaTeX Font Info:    Font shape `T1/phv/m/sl' will be
(Font)              scaled to size 6.29996pt on input line 7.
)
(./d2/db5/namespaceMyMusicTaste_1_1Database_1_1Contexts_1_1MongoDb_1_1Operation
s.tex

[11]) (./d1/dff/namespaceMyMusicTaste_1_1Database_1_1Operations.tex)
(./db/de1/namespaceMyMusicTaste_1_1Models.tex

[12]) (./d1/ddc/namespaceMyMusicTaste_1_1Startup.tex)
(./d1/d19/namespaceMyMusicTaste_1_1Utils.tex
LaTeX Font Info:    Font shape `T1/phv/b/n' will be
(Font)              scaled to size 10.79993pt on input line 27.
LaTeX Font Info:    Font shape `T1/pcr/m/it' in size <8> not available
(Font)              Font shape `T1/pcr/m/sl' tried instead on input line 32.


[13]
Underfull \hbox (badness 10000) detected at line 43
[][][]
 []

)

[14]
Chapter 5.
(./de/d13/classMyMusicTaste_1_1Components_1_1Page__Auth_1_1AuthController.tex
LaTeX Font Info:    Font shape `T1/pcr/m/it' in size <7> not available
(Font)              Font shape `T1/pcr/m/sl' tried instead on input line 41.


[15

]
Underfull \hbox (badness 10000) detected at line 48
[][][]
 []


Underfull \hbox (badness 10000) detected at line 57
[][][]
 []

) (./d4/dec/classMyMusicTaste_1_1Models_1_1Comment.tex <./d4/dec/classMyMusicTa
ste_1_1Models_1_1Comment.pdf>
<d4/dec/classMyMusicTaste_1_1Models_1_1Comment.pdf, id=1318, 501.875pt x 565.49
268pt>
File: d4/dec/classMyMusicTaste_1_1Models_1_1Comment.pdf Graphic file (type pdf)

<use d4/dec/classMyMusicTaste_1_1Models_1_1Comment.pdf>
Package pdftex.def Info: d4/dec/classMyMusicTaste_1_1Models_1_1Comment.pdf  use
d on input line 11.
(pdftex.def)             Requested size: 50.49675pt x 56.9055pt.
)
(./de/d90/classMyMusicTaste_1_1Components_1_1Comments_1_1CommentComp.tex

[16])
(./da/d95/classMyMusicTaste_1_1Components_1_1Comments_1_1CommentSection.tex

[17]) (./d2/df3/classMyMusicTaste_1_1Components_1_1Dialogs_1_1ConfirmDialog.tex
 <./d2/df3/classMyMusicTaste_1_1Components_1_1Dialogs_1_1ConfirmDialog.pdf>
<d2/df3/classMyMusicTaste_1_1Components_1_1Dialogs_1_1ConfirmDialog.pdf, id=136
1, 501.875pt x 331.81966pt>
File: d2/df3/classMyMusicTaste_1_1Components_1_1Dialogs_1_1ConfirmDialog.pdf Gr
aphic file (type pdf)
<use d2/df3/classMyMusicTaste_1_1Components_1_1Dialogs_1_1ConfirmDialog.pdf>
Package pdftex.def Info: d2/df3/classMyMusicTaste_1_1Components_1_1Dialogs_1_1C
onfirmDialog.pdf  used on input line 11.
(pdftex.def)             Requested size: 86.0681pt x 56.9055pt.


[18])
(./d7/d7b/classMyMusicTaste_1_1Database_1_1Operations_1_1DatabaseOperationExcep
tion.tex)
(./da/d97/classMyMusicTaste_1_1Components_1_1Dialogs_1_1Dialog-1-g.tex <./da/d9
7/classMyMusicTaste_1_1Components_1_1Dialogs_1_1Dialog-1-g.pdf>
<da/d97/classMyMusicTaste_1_1Components_1_1Dialogs_1_1Dialog-1-g.pdf, id=1389, 
501.875pt x 165.90984pt>
File: da/d97/classMyMusicTaste_1_1Components_1_1Dialogs_1_1Dialog-1-g.pdf Graph
ic file (type pdf)
<use da/d97/classMyMusicTaste_1_1Components_1_1Dialogs_1_1Dialog-1-g.pdf>
Package pdftex.def Info: da/d97/classMyMusicTaste_1_1Components_1_1Dialogs_1_1D
ialog-1-g.pdf  used on input line 11.
(pdftex.def)             Requested size: 172.1362pt x 56.9055pt.


[19]

[20]
Underfull \hbox (badness 10000) detected at line 74
[][][]
 []

) (./d1/d25/classMyMusicTaste_1_1Components_1_1Dialogs_1_1DialogBase.tex)
(./d2/d7b/structMyMusicTaste_1_1Components_1_1Dialogs_1_1DialogResult-1-g.tex

[21]) (./d6/d29/classMyMusicTaste_1_1Components_1_1Misc_1_1Dropzone.tex

[22]) (./de/df7/classMyMusicTaste_1_1Components_1_1Misc_1_1Histogram-2-g.tex

[23]
Underfull \hbox (badness 10000) detected at line 37
[][][]
 []

LaTeX Font Info:    Font shape `T1/phv/b/it' in size <10> not available
(Font)              Font shape `T1/phv/b/sl' tried instead on input line 38.
LaTeX Font Info:    Font shape `T1/phv/b/sl' will be
(Font)              scaled to size 8.99994pt on input line 38.
)
(./d0/d95/interfaceMyMusicTaste_1_1Database_1_1Operations_1_1ICommentsListing.t
ex <./d0/d95/interfaceMyMusicTaste_1_1Database_1_1Operations_1_1ICommentsListin
g.pdf>
<d0/d95/interfaceMyMusicTaste_1_1Database_1_1Operations_1_1ICommentsListing.pdf
, id=1483, 501.875pt x 264.14685pt>
File: d0/d95/interfaceMyMusicTaste_1_1Database_1_1Operations_1_1ICommentsListin
g.pdf Graphic file (type pdf)
<use d0/d95/interfaceMyMusicTaste_1_1Database_1_1Operations_1_1ICommentsListing
.pdf>
Package pdftex.def Info: d0/d95/interfaceMyMusicTaste_1_1Database_1_1Operations
_1_1ICommentsListing.pdf  used on input line 11.
(pdftex.def)             Requested size: 108.11543pt x 56.9055pt.

Underfull \hbox (badness 10000) detected at line 41
[][][]
 []



[24]
Underfull \hbox (badness 10000) detected at line 61
[][][]
 []

) (./dc/d4b/interfaceMyMusicTaste_1_1Database_1_1IDbRepository-1-g.tex <./dc/d4
b/interfaceMyMusicTaste_1_1Database_1_1IDbRepository-1-g.pdf>
<dc/d4b/interfaceMyMusicTaste_1_1Database_1_1IDbRepository-1-g.pdf, id=1513, 50
1.875pt x 217.03082pt>
File: dc/d4b/interfaceMyMusicTaste_1_1Database_1_1IDbRepository-1-g.pdf Graphic
 file (type pdf)
<use dc/d4b/interfaceMyMusicTaste_1_1Database_1_1IDbRepository-1-g.pdf>
Package pdftex.def Info: dc/d4b/interfaceMyMusicTaste_1_1Database_1_1IDbReposit
ory-1-g.pdf  used on input line 11.
(pdftex.def)             Requested size: 131.58716pt x 56.9055pt.


[25]
LaTeX Font Info:    Font shape `T1/phv/b/n' will be
(Font)              scaled to size 7.19995pt on input line 76.

Underfull \hbox (badness 10000) detected at line 85
[][][]
 []



[26]
Underfull \hbox (badness 10000) detected at line 108
[][][]
 []


Underfull \hbox (badness 10000) detected at line 131
[][][]
 []


Underfull \hbox (badness 10000) detected at line 154
[][][]
 []



[27]) (./da/db3/interfaceMyMusicTaste_1_1Database_1_1IIdentityProvider.tex <./d
a/db3/interfaceMyMusicTaste_1_1Database_1_1IIdentityProvider.pdf>
<da/db3/interfaceMyMusicTaste_1_1Database_1_1IIdentityProvider.pdf, id=1579, 50
1.875pt x 358.4793pt>
File: da/db3/interfaceMyMusicTaste_1_1Database_1_1IIdentityProvider.pdf Graphic
 file (type pdf)
<use da/db3/interfaceMyMusicTaste_1_1Database_1_1IIdentityProvider.pdf>
Package pdftex.def Info: da/db3/interfaceMyMusicTaste_1_1Database_1_1IIdentityP
rovider.pdf  used on input line 11.
(pdftex.def)             Requested size: 79.66602pt x 56.9055pt.


[28]
Underfull \hbox (badness 10000) detected at line 49
[][][]
 []


Underfull \hbox (badness 10000) detected at line 67
[][][]
 []


Underfull \hbox (badness 10000) detected at line 80
[][][]
 []


Underfull \hbox (badness 10000) detected at line 93
[][][]
 []



[29]
Underfull \hbox (badness 10000) detected at line 111
[][][]
 []


Underfull \hbox (badness 10000) detected at line 139
[][][]
 []

) (./df/d5d/classMyMusicTaste_1_1Components_1_1Dialogs_1_1InputDialog.tex <./df
/d5d/classMyMusicTaste_1_1Components_1_1Dialogs_1_1InputDialog.pdf>
<df/d5d/classMyMusicTaste_1_1Components_1_1Dialogs_1_1InputDialog.pdf, id=1632,
 501.875pt x 331.81966pt>
File: df/d5d/classMyMusicTaste_1_1Components_1_1Dialogs_1_1InputDialog.pdf Grap
hic file (type pdf)
<use df/d5d/classMyMusicTaste_1_1Components_1_1Dialogs_1_1InputDialog.pdf>
Package pdftex.def Info: df/d5d/classMyMusicTaste_1_1Components_1_1Dialogs_1_1I
nputDialog.pdf  used on input line 11.
(pdftex.def)             Requested size: 86.0681pt x 56.9055pt.


[30])
(./db/d6c/interfaceMyMusicTaste_1_1Database_1_1Operations_1_1ISearchOperation-1
-g.tex <./db/d6c/interfaceMyMusicTaste_1_1Database_1_1Operations_1_1ISearchOper
ation-1-g.pdf>
<db/d6c/interfaceMyMusicTaste_1_1Database_1_1Operations_1_1ISearchOperation-1-g
.pdf, id=1654, 501.875pt x 107.93324pt>
File: db/d6c/interfaceMyMusicTaste_1_1Database_1_1Operations_1_1ISearchOperatio
n-1-g.pdf Graphic file (type pdf)
<use db/d6c/interfaceMyMusicTaste_1_1Database_1_1Operations_1_1ISearchOperation
-1-g.pdf>
Package pdftex.def Info: db/d6c/interfaceMyMusicTaste_1_1Database_1_1Operations
_1_1ISearchOperation-1-g.pdf  used on input line 11.
(pdftex.def)             Requested size: 264.60638pt x 56.9055pt.


[31]
Underfull \hbox (badness 10000) detected at line 28
[][][]
 []


Underfull \hbox (badness 10000) detected at line 49
[][][]
 []

)
(./dd/db2/interfaceMyMusicTaste_1_1Database_1_1Operations_1_1ISongRatingListing
.tex <./dd/db2/interfaceMyMusicTaste_1_1Database_1_1Operations_1_1ISongRatingLi
sting.pdf>
<dd/db2/interfaceMyMusicTaste_1_1Database_1_1Operations_1_1ISongRatingListing.p
df, id=1676, 501.875pt x 252.5134pt>
File: dd/db2/interfaceMyMusicTaste_1_1Database_1_1Operations_1_1ISongRatingList
ing.pdf Graphic file (type pdf)
<use dd/db2/interfaceMyMusicTaste_1_1Database_1_1Operations_1_1ISongRatingListi
ng.pdf>
Package pdftex.def Info: dd/db2/interfaceMyMusicTaste_1_1Database_1_1Operations
_1_1ISongRatingListing.pdf  used on input line 11.
(pdftex.def)             Requested size: 113.10078pt x 56.9055pt.


[32]
Overfull \hbox (1.47571pt too wide) in paragraph at lines 1--1
[]\T1/phv/m/sl/10 song[] 
 []


Underfull \hbox (badness 10000) detected at line 39
[][][]
 []


Overfull \hbox (1.47571pt too wide) in paragraph at lines 1--1
[]\T1/phv/m/sl/10 user[] 
 []



[33]
Underfull \hbox (badness 10000) detected at line 57
[][][]
 []


Overfull \hbox (1.47571pt too wide) in paragraph at lines 1--1
[]\T1/phv/m/sl/10 song[] 
 []


Underfull \hbox (badness 10000) detected at line 77
[][][]
 []

)
(./d6/dfd/interfaceMyMusicTaste_1_1Database_1_1Operations_1_1ISongStatsCalculat
ion.tex <./d6/dfd/interfaceMyMusicTaste_1_1Database_1_1Operations_1_1ISongStats
Calculation.pdf>
<d6/dfd/interfaceMyMusicTaste_1_1Database_1_1Operations_1_1ISongStatsCalculatio
n.pdf, id=1721, 501.875pt x 218.20522pt>
File: d6/dfd/interfaceMyMusicTaste_1_1Database_1_1Operations_1_1ISongStatsCalcu
lation.pdf Graphic file (type pdf)
<use d6/dfd/interfaceMyMusicTaste_1_1Database_1_1Operations_1_1ISongStatsCalcul
ation.pdf>
Package pdftex.def Info: d6/dfd/interfaceMyMusicTaste_1_1Database_1_1Operations
_1_1ISongStatsCalculation.pdf  used on input line 11.
(pdftex.def)             Requested size: 130.88263pt x 56.9055pt.


[34]
Underfull \hbox (badness 10000) detected at line 35
[][][]
 []

)
(./de/d43/interfaceMyMusicTaste_1_1Database_1_1Operations_1_1ISongSubmission.te
x <./de/d43/interfaceMyMusicTaste_1_1Database_1_1Operations_1_1ISongSubmission.
pdf>
<de/d43/interfaceMyMusicTaste_1_1Database_1_1Operations_1_1ISongSubmission.pdf,
 id=1746, 501.875pt x 349.13435pt>
File: de/d43/interfaceMyMusicTaste_1_1Database_1_1Operations_1_1ISongSubmission
.pdf Graphic file (type pdf)
<use de/d43/interfaceMyMusicTaste_1_1Database_1_1Operations_1_1ISongSubmission.
pdf>
Package pdftex.def Info: de/d43/interfaceMyMusicTaste_1_1Database_1_1Operations
_1_1ISongSubmission.pdf  used on input line 11.
(pdftex.def)             Requested size: 81.79494pt x 56.9055pt.

Underfull \hbox (badness 10000) detected at line 35
[][][]
 []



[35]) (./d6/d37/interfaceMyMusicTaste_1_1Database_1_1IUserLoginDto.tex <./d6/d3
7/interfaceMyMusicTaste_1_1Database_1_1IUserLoginDto.pdf>
<d6/d37/interfaceMyMusicTaste_1_1Database_1_1IUserLoginDto.pdf, id=1769, 501.87
5pt x 257.37154pt>
File: d6/d37/interfaceMyMusicTaste_1_1Database_1_1IUserLoginDto.pdf Graphic fil
e (type pdf)
<use d6/d37/interfaceMyMusicTaste_1_1Database_1_1IUserLoginDto.pdf>
Package pdftex.def Info: d6/d37/interfaceMyMusicTaste_1_1Database_1_1IUserLogin
Dto.pdf  used on input line 11.
(pdftex.def)             Requested size: 110.9642pt x 56.9055pt.
)
(./d3/d0e/interfaceMyMusicTaste_1_1Database_1_1IUserSignupDto.tex)
(./d0/d0b/interfaceMyMusicTaste_1_1Database_1_1Operations_1_1IUserStatsCalculat
ion.tex <./d0/d0b/interfaceMyMusicTaste_1_1Database_1_1Operations_1_1IUserStats
Calculation.pdf>
<d0/d0b/interfaceMyMusicTaste_1_1Database_1_1Operations_1_1IUserStatsCalculatio
n.pdf, id=1776, 501.875pt x 229.42714pt>
File: d0/d0b/interfaceMyMusicTaste_1_1Database_1_1Operations_1_1IUserStatsCalcu
lation.pdf Graphic file (type pdf)
<use d0/d0b/interfaceMyMusicTaste_1_1Database_1_1Operations_1_1IUserStatsCalcul
ation.pdf>
Package pdftex.def Info: d0/d0b/interfaceMyMusicTaste_1_1Database_1_1Operations
_1_1IUserStatsCalculation.pdf  used on input line 11.
(pdftex.def)             Requested size: 124.48056pt x 56.9055pt.


[36]
Overfull \hbox (1.47571pt too wide) in paragraph at lines 1--1
[]\T1/phv/m/sl/10 user[] 
 []


Underfull \hbox (badness 10000) detected at line 35
[][][]
 []

)
(./d5/d50/classMyMusicTaste_1_1Components_1_1Page__Auth_1_1AuthController_1_1Lo
ginDto.tex <./d5/d50/classMyMusicTaste_1_1Components_1_1Page__Auth_1_1AuthContr
oller_1_1LoginDto.pdf>
<d5/d50/classMyMusicTaste_1_1Components_1_1Page__Auth_1_1AuthController_1_1Logi
nDto.pdf, id=1800, 501.875pt x 257.37154pt>
File: d5/d50/classMyMusicTaste_1_1Components_1_1Page__Auth_1_1AuthController_1_
1LoginDto.pdf Graphic file (type pdf)
<use d5/d50/classMyMusicTaste_1_1Components_1_1Page__Auth_1_1AuthController_1_1
LoginDto.pdf>
Package pdftex.def Info: d5/d50/classMyMusicTaste_1_1Components_1_1Page__Auth_1
_1AuthController_1_1LoginDto.pdf  used on input line 11.
(pdftex.def)             Requested size: 110.9642pt x 56.9055pt.


[37]) (./dd/d52/classMyMusicTaste_1_1Components_1_1Page__Auth_1_1LoginPage.tex)
(./da/d99/classMyMusicTaste_1_1Models_1_1Model.tex <./da/d99/classMyMusicTaste_
1_1Models_1_1Model.pdf>
<da/d99/classMyMusicTaste_1_1Models_1_1Model.pdf, id=1822, 501.875pt x 119.4964
4pt>
File: da/d99/classMyMusicTaste_1_1Models_1_1Model.pdf Graphic file (type pdf)
<use da/d99/classMyMusicTaste_1_1Models_1_1Model.pdf>
Package pdftex.def Info: da/d99/classMyMusicTaste_1_1Models_1_1Model.pdf  used 
on input line 11.
(pdftex.def)             Requested size: 238.99808pt x 56.9055pt.
)
(./db/dc3/classMyMusicTaste_1_1Database_1_1Contexts_1_1MongoDb_1_1Operations_1_
1MongoCommentsListing.tex

[38] <./db/dc3/classMyMusicTaste_1_1Database_1_1Contexts_1_1MongoDb_1_1Operatio
ns_1_1MongoCommentsListing.pdf>
<db/dc3/classMyMusicTaste_1_1Database_1_1Contexts_1_1MongoDb_1_1Operations_1_1M
ongoCommentsListing.pdf, id=1843, 501.875pt x 264.14685pt>
File: db/dc3/classMyMusicTaste_1_1Database_1_1Contexts_1_1MongoDb_1_1Operations
_1_1MongoCommentsListing.pdf Graphic file (type pdf)
<use db/dc3/classMyMusicTaste_1_1Database_1_1Contexts_1_1MongoDb_1_1Operations_
1_1MongoCommentsListing.pdf>
Package pdftex.def Info: db/dc3/classMyMusicTaste_1_1Database_1_1Contexts_1_1Mo
ngoDb_1_1Operations_1_1MongoCommentsListing.pdf  used on input line 11.
(pdftex.def)             Requested size: 108.11543pt x 56.9055pt.


[39]
Underfull \hbox (badness 10000) detected at line 41
[][][]
 []


Underfull \hbox (badness 10000) detected at line 61
[][][]
 []

)
(./de/d0d/classMyMusicTaste_1_1Database_1_1Contexts_1_1MongoDb_1_1MongoDbContex
t.tex

[40])
(./dc/d46/classMyMusicTaste_1_1Database_1_1Contexts_1_1MongoDb_1_1MongoIdentity
.tex <./dc/d46/classMyMusicTaste_1_1Database_1_1Contexts_1_1MongoDb_1_1MongoIde
ntity.pdf>
<dc/d46/classMyMusicTaste_1_1Database_1_1Contexts_1_1MongoDb_1_1MongoIdentity.p
df, id=1884, 501.875pt x 358.4793pt>
File: dc/d46/classMyMusicTaste_1_1Database_1_1Contexts_1_1MongoDb_1_1MongoIdent
ity.pdf Graphic file (type pdf)
<use dc/d46/classMyMusicTaste_1_1Database_1_1Contexts_1_1MongoDb_1_1MongoIdenti
ty.pdf>
Package pdftex.def Info: dc/d46/classMyMusicTaste_1_1Database_1_1Contexts_1_1Mo
ngoDb_1_1MongoIdentity.pdf  used on input line 11.
(pdftex.def)             Requested size: 79.66602pt x 56.9055pt.


[41]
Underfull \hbox (badness 10000) detected at line 76
[][][]
 []



[42]
Underfull \hbox (badness 10000) detected at line 94
[][][]
 []


Underfull \hbox (badness 10000) detected at line 120
[][][]
 []


Underfull \hbox (badness 10000) detected at line 133
[][][]
 []



[43]
Underfull \hbox (badness 10000) detected at line 151
[][][]
 []


Underfull \hbox (badness 10000) detected at line 179
[][][]
 []

)
(./d3/dc8/classMyMusicTaste_1_1Database_1_1Contexts_1_1MongoDb_1_1MongoReposito
ry-1-g.tex <./d3/dc8/classMyMusicTaste_1_1Database_1_1Contexts_1_1MongoDb_1_1Mo
ngoRepository-1-g.pdf>
<d3/dc8/classMyMusicTaste_1_1Database_1_1Contexts_1_1MongoDb_1_1MongoRepository
-1-g.pdf, id=1943, 501.875pt x 217.03082pt>
File: d3/dc8/classMyMusicTaste_1_1Database_1_1Contexts_1_1MongoDb_1_1MongoRepos
itory-1-g.pdf Graphic file (type pdf)
<use d3/dc8/classMyMusicTaste_1_1Database_1_1Contexts_1_1MongoDb_1_1MongoReposi
tory-1-g.pdf>
Package pdftex.def Info: d3/dc8/classMyMusicTaste_1_1Database_1_1Contexts_1_1Mo
ngoDb_1_1MongoRepository-1-g.pdf  used on input line 11.
(pdftex.def)             Requested size: 131.58716pt x 56.9055pt.


[44]
Underfull \hbox (badness 10000) detected at line 46
[][][]
 []



[45]
Underfull \hbox (badness 10000) detected at line 95
[][][]
 []


Underfull \hbox (badness 10000) detected at line 118
[][][]
 []



[46]
Underfull \hbox (badness 10000) detected at line 141
[][][]
 []


Underfull \hbox (badness 10000) detected at line 164
[][][]
 []

)
(./db/db6/classMyMusicTaste_1_1Database_1_1Contexts_1_1MongoDb_1_1Operations_1_
1MongoSongRatingListing.tex <./db/db6/classMyMusicTaste_1_1Database_1_1Contexts
_1_1MongoDb_1_1Operations_1_1MongoSongRatingListing.pdf>
<db/db6/classMyMusicTaste_1_1Database_1_1Contexts_1_1MongoDb_1_1Operations_1_1M
ongoSongRatingListing.pdf, id=1993, 501.875pt x 252.5134pt>
File: db/db6/classMyMusicTaste_1_1Database_1_1Contexts_1_1MongoDb_1_1Operations
_1_1MongoSongRatingListing.pdf Graphic file (type pdf)
<use db/db6/classMyMusicTaste_1_1Database_1_1Contexts_1_1MongoDb_1_1Operations_
1_1MongoSongRatingListing.pdf>
Package pdftex.def Info: db/db6/classMyMusicTaste_1_1Database_1_1Contexts_1_1Mo
ngoDb_1_1Operations_1_1MongoSongRatingListing.pdf  used on input line 11.
(pdftex.def)             Requested size: 113.10078pt x 56.9055pt.


[47]
Overfull \hbox (1.47571pt too wide) in paragraph at lines 1--1
[]\T1/phv/m/sl/10 song[] 
 []


Underfull \hbox (badness 10000) detected at line 39
[][][]
 []


Overfull \hbox (1.47571pt too wide) in paragraph at lines 1--1
[]\T1/phv/m/sl/10 user[] 
 []



[48]
Underfull \hbox (badness 10000) detected at line 57
[][][]
 []


Overfull \hbox (1.47571pt too wide) in paragraph at lines 1--1
[]\T1/phv/m/sl/10 song[] 
 []


Underfull \hbox (badness 10000) detected at line 77
[][][]
 []

)
(./d7/dda/classMyMusicTaste_1_1Database_1_1Contexts_1_1MongoDb_1_1Operations_1_
1MongoSongSearch.tex <./d7/dda/classMyMusicTaste_1_1Database_1_1Contexts_1_1Mon
goDb_1_1Operations_1_1MongoSongSearch.pdf>
<d7/dda/classMyMusicTaste_1_1Database_1_1Contexts_1_1MongoDb_1_1Operations_1_1M
ongoSongSearch.pdf, id=2030, 501.875pt x 215.85645pt>
File: d7/dda/classMyMusicTaste_1_1Database_1_1Contexts_1_1MongoDb_1_1Operations
_1_1MongoSongSearch.pdf Graphic file (type pdf)
<use d7/dda/classMyMusicTaste_1_1Database_1_1Contexts_1_1MongoDb_1_1Operations_
1_1MongoSongSearch.pdf>
Package pdftex.def Info: d7/dda/classMyMusicTaste_1_1Database_1_1Contexts_1_1Mo
ngoDb_1_1Operations_1_1MongoSongSearch.pdf  used on input line 11.
(pdftex.def)             Requested size: 132.30702pt x 56.9055pt.


[49]
Underfull \hbox (badness 10000) detected at line 37
[][][]
 []

)
(./d5/df1/classMyMusicTaste_1_1Database_1_1Contexts_1_1MongoDb_1_1Operations_1_
1MongoSongsStatsCalculation.tex <./d5/df1/classMyMusicTaste_1_1Database_1_1Cont
exts_1_1MongoDb_1_1Operations_1_1MongoSongsStatsCalculation.pdf>
<d5/df1/classMyMusicTaste_1_1Database_1_1Contexts_1_1MongoDb_1_1Operations_1_1M
ongoSongsStatsCalculation.pdf, id=2050, 501.875pt x 218.20522pt>
File: d5/df1/classMyMusicTaste_1_1Database_1_1Contexts_1_1MongoDb_1_1Operations
_1_1MongoSongsStatsCalculation.pdf Graphic file (type pdf)
<use d5/df1/classMyMusicTaste_1_1Database_1_1Contexts_1_1MongoDb_1_1Operations_
1_1MongoSongsStatsCalculation.pdf>
Package pdftex.def Info: d5/df1/classMyMusicTaste_1_1Database_1_1Contexts_1_1Mo
ngoDb_1_1Operations_1_1MongoSongsStatsCalculation.pdf  used on input line 11.
(pdftex.def)             Requested size: 130.88263pt x 56.9055pt.

Underfull \hbox (badness 10000) detected at line 35
[][][]
 []

)
(./d1/d5c/classMyMusicTaste_1_1Database_1_1Contexts_1_1MongoDb_1_1Operations_1_
1MongoUserSearch.tex <./d1/d5c/classMyMusicTaste_1_1Database_1_1Contexts_1_1Mon
goDb_1_1Operations_1_1MongoUserSearch.pdf>
<d1/d5c/classMyMusicTaste_1_1Database_1_1Contexts_1_1MongoDb_1_1Operations_1_1M
ongoUserSearch.pdf, id=2063, 501.875pt x 215.85645pt>
File: d1/d5c/classMyMusicTaste_1_1Database_1_1Contexts_1_1MongoDb_1_1Operations
_1_1MongoUserSearch.pdf Graphic file (type pdf)
<use d1/d5c/classMyMusicTaste_1_1Database_1_1Contexts_1_1MongoDb_1_1Operations_
1_1MongoUserSearch.pdf>
Package pdftex.def Info: d1/d5c/classMyMusicTaste_1_1Database_1_1Contexts_1_1Mo
ngoDb_1_1Operations_1_1MongoUserSearch.pdf  used on input line 11.
(pdftex.def)             Requested size: 132.30702pt x 56.9055pt.


[50]
Underfull \hbox (badness 10000) detected at line 37
[][][]
 []

)
(./d8/d2a/classMyMusicTaste_1_1Database_1_1Contexts_1_1MongoDb_1_1Operations_1_
1MongoUserStatsCalculation.tex <./d8/d2a/classMyMusicTaste_1_1Database_1_1Conte
xts_1_1MongoDb_1_1Operations_1_1MongoUserStatsCalculation.pdf>
<d8/d2a/classMyMusicTaste_1_1Database_1_1Contexts_1_1MongoDb_1_1Operations_1_1M
ongoUserStatsCalculation.pdf, id=2082, 501.875pt x 229.42714pt>
File: d8/d2a/classMyMusicTaste_1_1Database_1_1Contexts_1_1MongoDb_1_1Operations
_1_1MongoUserStatsCalculation.pdf Graphic file (type pdf)
<use d8/d2a/classMyMusicTaste_1_1Database_1_1Contexts_1_1MongoDb_1_1Operations_
1_1MongoUserStatsCalculation.pdf>
Package pdftex.def Info: d8/d2a/classMyMusicTaste_1_1Database_1_1Contexts_1_1Mo
ngoDb_1_1Operations_1_1MongoUserStatsCalculation.pdf  used on input line 11.
(pdftex.def)             Requested size: 124.48056pt x 56.9055pt.


[51]
Overfull \hbox (1.47571pt too wide) in paragraph at lines 1--1
[]\T1/phv/m/sl/10 user[] 
 []


Underfull \hbox (badness 10000) detected at line 35
[][][]
 []

) (./d2/d65/classMyMusicTaste_1_1Components_1_1Page__Song_1_1RateSongComp.tex)
(./df/d6e/classMyMusicTaste_1_1Components_1_1Page__Search_1_1SearchComponent-1-
g.tex

[52]
Underfull \hbox (badness 10000) detected at line 44
[][][]
 []

) (./d0/d5c/classMyMusicTaste_1_1Components_1_1Page__Search_1_1SearchPage.tex)
(./db/ddc/classMyMusicTaste_1_1Models_1_1Song.tex

[53] <./db/ddc/classMyMusicTaste_1_1Models_1_1Song.pdf>
<db/ddc/classMyMusicTaste_1_1Models_1_1Song.pdf, id=2135, 501.875pt x 729.99728
pt>
File: db/ddc/classMyMusicTaste_1_1Models_1_1Song.pdf Graphic file (type pdf)
<use db/ddc/classMyMusicTaste_1_1Models_1_1Song.pdf>
Package pdftex.def Info: db/ddc/classMyMusicTaste_1_1Models_1_1Song.pdf  used o
n input line 11.
(pdftex.def)             Requested size: 39.11699pt x 56.9055pt.
)
(./d7/dde/classMyMusicTaste_1_1Components_1_1Page__Song_1_1SongPage.tex

[54]) (./da/d59/classMyMusicTaste_1_1Models_1_1SongRating.tex <./da/d59/classMy
MusicTaste_1_1Models_1_1SongRating.pdf>
<da/d59/classMyMusicTaste_1_1Models_1_1SongRating.pdf, id=2163, 501.875pt x 477
.97571pt>
File: da/d59/classMyMusicTaste_1_1Models_1_1SongRating.pdf Graphic file (type p
df)
<use da/d59/classMyMusicTaste_1_1Models_1_1SongRating.pdf>
Package pdftex.def Info: da/d59/classMyMusicTaste_1_1Models_1_1SongRating.pdf  
used on input line 11.
(pdftex.def)             Requested size: 59.7476pt x 56.9055pt.
)
(./d4/d0a/classMyMusicTaste_1_1Components_1_1Page__User_1_1SongRatingItem.tex

[55])
(./d0/db8/classMyMusicTaste_1_1Components_1_1Page__User_1_1SongRatingSection.te
x)
(./d6/d6d/classMyMusicTaste_1_1Components_1_1Page__Search_1_1SongSearchItem.tex
) (./d9/d66/classMyMusicTaste_1_1Models_1_1SongStats.tex

[56])
(./d4/d64/classMyMusicTaste_1_1Database_1_1Contexts_1_1MongoDb_1_1Operations_1_
1SongSubmission.tex <./d4/d64/classMyMusicTaste_1_1Database_1_1Contexts_1_1Mong
oDb_1_1Operations_1_1SongSubmission.pdf>
<d4/d64/classMyMusicTaste_1_1Database_1_1Contexts_1_1MongoDb_1_1Operations_1_1S
ongSubmission.pdf, id=2207, 501.875pt x 349.13435pt>
File: d4/d64/classMyMusicTaste_1_1Database_1_1Contexts_1_1MongoDb_1_1Operations
_1_1SongSubmission.pdf Graphic file (type pdf)
<use d4/d64/classMyMusicTaste_1_1Database_1_1Contexts_1_1MongoDb_1_1Operations_
1_1SongSubmission.pdf>
Package pdftex.def Info: d4/d64/classMyMusicTaste_1_1Database_1_1Contexts_1_1Mo
ngoDb_1_1Operations_1_1SongSubmission.pdf  used on input line 11.
(pdftex.def)             Requested size: 81.79494pt x 56.9055pt.


[57]
Underfull \hbox (badness 10000) detected at line 35
[][][]
 []

)
(./d2/d76/classMyMusicTaste_1_1Components_1_1Page__SongSubmission_1_1SongSubmis
sionPage.tex)
(./d7/df9/classMyMusicTaste_1_1Components_1_1Misc_1_1Thumbnail.tex

[58]) (./d7/d99/classMyMusicTaste_1_1Models_1_1User.tex <./d7/d99/classMyMusicT
aste_1_1Models_1_1User.pdf>
<d7/d99/classMyMusicTaste_1_1Models_1_1User.pdf, id=2245, 501.875pt x 729.99728
pt>
File: d7/d99/classMyMusicTaste_1_1Models_1_1User.pdf Graphic file (type pdf)
<use d7/d99/classMyMusicTaste_1_1Models_1_1User.pdf>
Package pdftex.def Info: d7/d99/classMyMusicTaste_1_1Models_1_1User.pdf  used o
n input line 11.
(pdftex.def)             Requested size: 39.11699pt x 56.9055pt.
)
(./db/df5/classMyMusicTaste_1_1Components_1_1Page__User_1_1UserPage.tex

[59])
(./d4/d0d/classMyMusicTaste_1_1Components_1_1Page__Search_1_1UserSearchItem.tex
) (./d7/db7/classMyMusicTaste_1_1Components_1_1Page__Auth_1_1UserSignupForm.tex
) (./d3/d4f/classMyMusicTaste_1_1Models_1_1UserStats.tex

[60])

[61]

[62

] (./refman.ind
LaTeX Font Info:    Font shape `T1/phv/m/n' will be
(Font)              scaled to size 22.39185pt on input line 1.




[63


]



[64]



[65

]) (./refman.aux)
 ***********
LaTeX2e <2024-11-01> patch level 2
L3 programming layer <2025-01-18>
 ***********


LaTeX Warning: There were multiply-defined labels.

Package rerunfilecheck Info: File `refman.out' has not changed.
(rerunfilecheck)             Checksum: 72BD42C29040DE04F544BD811D27ADEB;40405.
 ) 
Here is how much of TeX's memory you used:
 20099 strings out of 475171
 394733 string characters out of 5767096
 769593 words of memory out of 5000000
 41828 multiletter control sequences out of 15000+600000
 623635 words of font info for 129 fonts, out of 8000000 for 9000
 14 hyphenation exceptions out of 8191
 101i,16n,117p,686b,751s stack positions out of 10000i,1000n,20000p,200000b,200000s
</usr/share/texmf-dist/fonts/type1/public/amsfonts/cm/cmmi10.pfb></usr/share/
texmf-dist/fonts/type1/public/amsfonts/cm/cmmi12.pfb></usr/share/texmf-dist/fon
ts/type1/public/amsfonts/cm/cmmi7.pfb></usr/share/texmf-dist/fonts/type1/public
/amsfonts/cm/cmmi8.pfb></usr/share/texmf-dist/fonts/type1/public/amsfonts/cm/cm
mi9.pfb></usr/share/texmf-dist/fonts/type1/public/amsfonts/cm/cmsy7.pfb></usr/s
hare/texmf-dist/fonts/type1/urw/courier/ucrb8a.pfb></usr/share/texmf-dist/fonts
/type1/urw/courier/ucrr8a.pfb></usr/share/texmf-dist/fonts/type1/urw/courier/uc
rro8a.pfb></usr/share/texmf-dist/fonts/type1/urw/helvetic/uhvb8a.pfb></usr/shar
e/texmf-dist/fonts/type1/urw/helvetic/uhvb8ac.pfb></usr/share/texmf-dist/fonts/
type1/urw/helvetic/uhvbo8a.pfb></usr/share/texmf-dist/fonts/type1/urw/helvetic/
uhvr8a.pfb></usr/share/texmf-dist/fonts/type1/urw/helvetic/uhvro8a.pfb>
Output written on refman.pdf (73 pages, 372782 bytes).
PDF statistics:
 2707 PDF objects out of 2984 (max. 8388607)
 2492 compressed objects within 25 object streams
 719 named destinations out of 1000 (max. 500000)
 1480 words of extra memory for PDF output out of 10000 (max. 10000000)

