\BOOKMARK [0][-]{chapter.1}{\376\377\0001\000\040\000N\000a\000m\000e\000s\000p\000a\000c\000e\000\040\000I\000n\000d\000e\000x}{}% 1
\BOOKMARK [1][-]{section.1.1}{\376\377\0001\000.\0001\000\040\000N\000a\000m\000e\000s\000p\000a\000c\000e\000\040\000L\000i\000s\000t}{chapter.1}% 2
\BOOKMARK [0][-]{chapter.2}{\376\377\0002\000\040\000H\000i\000e\000r\000a\000r\000c\000h\000i\000c\000a\000l\000\040\000I\000n\000d\000e\000x}{}% 3
\BOOKMARK [1][-]{section.2.1}{\376\377\0002\000.\0001\000\040\000C\000l\000a\000s\000s\000\040\000H\000i\000e\000r\000a\000r\000c\000h\000y}{chapter.2}% 4
\BOOKMARK [0][-]{chapter.3}{\376\377\0003\000\040\000C\000l\000a\000s\000s\000\040\000I\000n\000d\000e\000x}{}% 5
\BOOKMARK [1][-]{section.3.1}{\376\377\0003\000.\0001\000\040\000C\000l\000a\000s\000s\000\040\000L\000i\000s\000t}{chapter.3}% 6
\BOOKMARK [0][-]{chapter.4}{\376\377\0004\000\040\000N\000a\000m\000e\000s\000p\000a\000c\000e\000\040\000D\000o\000c\000u\000m\000e\000n\000t\000a\000t\000i\000o\000n}{}% 7
\BOOKMARK [1][-]{section.4.1}{\376\377\0004\000.\0001\000\040\000M\000y\000M\000u\000s\000i\000c\000T\000a\000s\000t\000e\000\040\000N\000a\000m\000e\000s\000p\000a\000c\000e\000\040\000R\000e\000f\000e\000r\000e\000n\000c\000e}{chapter.4}% 8
\BOOKMARK [1][-]{section.4.2}{\376\377\0004\000.\0002\000\040\000M\000y\000M\000u\000s\000i\000c\000T\000a\000s\000t\000e\000.\000C\000o\000m\000p\000o\000n\000e\000n\000t\000s\000\040\000N\000a\000m\000e\000s\000p\000a\000c\000e\000\040\000R\000e\000f\000e\000r\000e\000n\000c\000e}{chapter.4}% 9
\BOOKMARK [1][-]{section.4.3}{\376\377\0004\000.\0003\000\040\000M\000y\000M\000u\000s\000i\000c\000T\000a\000s\000t\000e\000.\000C\000o\000m\000p\000o\000n\000e\000n\000t\000s\000.\000C\000o\000m\000m\000e\000n\000t\000s\000\040\000N\000a\000m\000e\000s\000p\000a\000c\000e\000\040\000R\000e\000f\000e\000r\000e\000n\000c\000e}{chapter.4}% 10
\BOOKMARK [1][-]{section.4.4}{\376\377\0004\000.\0004\000\040\000M\000y\000M\000u\000s\000i\000c\000T\000a\000s\000t\000e\000.\000C\000o\000m\000p\000o\000n\000e\000n\000t\000s\000.\000D\000i\000a\000l\000o\000g\000s\000\040\000N\000a\000m\000e\000s\000p\000a\000c\000e\000\040\000R\000e\000f\000e\000r\000e\000n\000c\000e}{chapter.4}% 11
\BOOKMARK [1][-]{section.4.5}{\376\377\0004\000.\0005\000\040\000M\000y\000M\000u\000s\000i\000c\000T\000a\000s\000t\000e\000.\000C\000o\000m\000p\000o\000n\000e\000n\000t\000s\000.\000M\000i\000s\000c\000\040\000N\000a\000m\000e\000s\000p\000a\000c\000e\000\040\000R\000e\000f\000e\000r\000e\000n\000c\000e}{chapter.4}% 12
\BOOKMARK [1][-]{section.4.6}{\376\377\0004\000.\0006\000\040\000M\000y\000M\000u\000s\000i\000c\000T\000a\000s\000t\000e\000.\000C\000o\000m\000p\000o\000n\000e\000n\000t\000s\000.\000P\000a\000g\000e\000\137\000A\000u\000t\000h\000\040\000N\000a\000m\000e\000s\000p\000a\000c\000e\000\040\000R\000e\000f\000e\000r\000e\000n\000c\000e}{chapter.4}% 13
\BOOKMARK [1][-]{section.4.7}{\376\377\0004\000.\0007\000\040\000M\000y\000M\000u\000s\000i\000c\000T\000a\000s\000t\000e\000.\000C\000o\000m\000p\000o\000n\000e\000n\000t\000s\000.\000P\000a\000g\000e\000\137\000H\000o\000m\000e\000\040\000N\000a\000m\000e\000s\000p\000a\000c\000e\000\040\000R\000e\000f\000e\000r\000e\000n\000c\000e}{chapter.4}% 14
\BOOKMARK [1][-]{section.4.8}{\376\377\0004\000.\0008\000\040\000M\000y\000M\000u\000s\000i\000c\000T\000a\000s\000t\000e\000.\000C\000o\000m\000p\000o\000n\000e\000n\000t\000s\000.\000P\000a\000g\000e\000\137\000S\000e\000a\000r\000c\000h\000\040\000N\000a\000m\000e\000s\000p\000a\000c\000e\000\040\000R\000e\000f\000e\000r\000e\000n\000c\000e}{chapter.4}% 15
\BOOKMARK [1][-]{section.4.9}{\376\377\0004\000.\0009\000\040\000M\000y\000M\000u\000s\000i\000c\000T\000a\000s\000t\000e\000.\000C\000o\000m\000p\000o\000n\000e\000n\000t\000s\000.\000P\000a\000g\000e\000\137\000S\000o\000n\000g\000\040\000N\000a\000m\000e\000s\000p\000a\000c\000e\000\040\000R\000e\000f\000e\000r\000e\000n\000c\000e}{chapter.4}% 16
\BOOKMARK [1][-]{section.4.10}{\376\377\0004\000.\0001\0000\000\040\000M\000y\000M\000u\000s\000i\000c\000T\000a\000s\000t\000e\000.\000C\000o\000m\000p\000o\000n\000e\000n\000t\000s\000.\000P\000a\000g\000e\000\137\000S\000o\000n\000g\000S\000u\000b\000m\000i\000s\000s\000i\000o\000n\000\040\000N\000a\000m\000e\000s\000p\000a\000c\000e\000\040\000R\000e\000f\000e\000r\000e\000n\000c\000e}{chapter.4}% 17
\BOOKMARK [1][-]{section.4.11}{\376\377\0004\000.\0001\0001\000\040\000M\000y\000M\000u\000s\000i\000c\000T\000a\000s\000t\000e\000.\000C\000o\000m\000p\000o\000n\000e\000n\000t\000s\000.\000P\000a\000g\000e\000\137\000U\000s\000e\000r\000\040\000N\000a\000m\000e\000s\000p\000a\000c\000e\000\040\000R\000e\000f\000e\000r\000e\000n\000c\000e}{chapter.4}% 18
\BOOKMARK [1][-]{section.4.12}{\376\377\0004\000.\0001\0002\000\040\000M\000y\000M\000u\000s\000i\000c\000T\000a\000s\000t\000e\000.\000D\000a\000t\000a\000b\000a\000s\000e\000\040\000N\000a\000m\000e\000s\000p\000a\000c\000e\000\040\000R\000e\000f\000e\000r\000e\000n\000c\000e}{chapter.4}% 19
\BOOKMARK [1][-]{section.4.13}{\376\377\0004\000.\0001\0003\000\040\000M\000y\000M\000u\000s\000i\000c\000T\000a\000s\000t\000e\000.\000D\000a\000t\000a\000b\000a\000s\000e\000.\000C\000o\000n\000t\000e\000x\000t\000s\000\040\000N\000a\000m\000e\000s\000p\000a\000c\000e\000\040\000R\000e\000f\000e\000r\000e\000n\000c\000e}{chapter.4}% 20
\BOOKMARK [1][-]{section.4.14}{\376\377\0004\000.\0001\0004\000\040\000M\000y\000M\000u\000s\000i\000c\000T\000a\000s\000t\000e\000.\000D\000a\000t\000a\000b\000a\000s\000e\000.\000C\000o\000n\000t\000e\000x\000t\000s\000.\000M\000o\000n\000g\000o\000D\000b\000\040\000N\000a\000m\000e\000s\000p\000a\000c\000e\000\040\000R\000e\000f\000e\000r\000e\000n\000c\000e}{chapter.4}% 21
\BOOKMARK [1][-]{section.4.15}{\376\377\0004\000.\0001\0005\000\040\000M\000y\000M\000u\000s\000i\000c\000T\000a\000s\000t\000e\000.\000D\000a\000t\000a\000b\000a\000s\000e\000.\000C\000o\000n\000t\000e\000x\000t\000s\000.\000M\000o\000n\000g\000o\000D\000b\000.\000O\000p\000e\000r\000a\000t\000i\000o\000n\000s\000\040\000N\000a\000m\000e\000s\000p\000a\000c\000e\000\040\000R\000e\000f\000e\000r\000e\000n\000c\000e}{chapter.4}% 22
\BOOKMARK [1][-]{section.4.16}{\376\377\0004\000.\0001\0006\000\040\000M\000y\000M\000u\000s\000i\000c\000T\000a\000s\000t\000e\000.\000D\000a\000t\000a\000b\000a\000s\000e\000.\000O\000p\000e\000r\000a\000t\000i\000o\000n\000s\000\040\000N\000a\000m\000e\000s\000p\000a\000c\000e\000\040\000R\000e\000f\000e\000r\000e\000n\000c\000e}{chapter.4}% 23
\BOOKMARK [1][-]{section.4.17}{\376\377\0004\000.\0001\0007\000\040\000M\000y\000M\000u\000s\000i\000c\000T\000a\000s\000t\000e\000.\000M\000o\000d\000e\000l\000s\000\040\000N\000a\000m\000e\000s\000p\000a\000c\000e\000\040\000R\000e\000f\000e\000r\000e\000n\000c\000e}{chapter.4}% 24
\BOOKMARK [1][-]{section.4.18}{\376\377\0004\000.\0001\0008\000\040\000M\000y\000M\000u\000s\000i\000c\000T\000a\000s\000t\000e\000.\000S\000t\000a\000r\000t\000u\000p\000\040\000N\000a\000m\000e\000s\000p\000a\000c\000e\000\040\000R\000e\000f\000e\000r\000e\000n\000c\000e}{chapter.4}% 25
\BOOKMARK [1][-]{section.4.19}{\376\377\0004\000.\0001\0009\000\040\000M\000y\000M\000u\000s\000i\000c\000T\000a\000s\000t\000e\000.\000U\000t\000i\000l\000s\000\040\000N\000a\000m\000e\000s\000p\000a\000c\000e\000\040\000R\000e\000f\000e\000r\000e\000n\000c\000e}{chapter.4}% 26
\BOOKMARK [2][-]{subsection.4.19.1}{\376\377\0004\000.\0001\0009\000.\0001\000\040\000F\000u\000n\000c\000t\000i\000o\000n\000\040\000D\000o\000c\000u\000m\000e\000n\000t\000a\000t\000i\000o\000n}{section.4.19}% 27
\BOOKMARK [3][-]{subsubsection.4.19.1.1}{\376\377\0004\000.\0001\0009\000.\0001\000.\0001\000\040\000C\000s\000s\000S\000i\000z\000e\000\050\000\051}{subsection.4.19.1}% 28
\BOOKMARK [0][-]{chapter.5}{\376\377\0005\000\040\000C\000l\000a\000s\000s\000\040\000D\000o\000c\000u\000m\000e\000n\000t\000a\000t\000i\000o\000n}{}% 29
\BOOKMARK [1][-]{section.5.1}{\376\377\0005\000.\0001\000\040\000A\000u\000t\000h\000C\000o\000n\000t\000r\000o\000l\000l\000e\000r\000\040\000C\000l\000a\000s\000s\000\040\000R\000e\000f\000e\000r\000e\000n\000c\000e}{chapter.5}% 30
\BOOKMARK [2][-]{subsection.5.1.1}{\376\377\0005\000.\0001\000.\0001\000\040\000M\000e\000m\000b\000e\000r\000\040\000F\000u\000n\000c\000t\000i\000o\000n\000\040\000D\000o\000c\000u\000m\000e\000n\000t\000a\000t\000i\000o\000n}{section.5.1}% 31
\BOOKMARK [3][-]{subsubsection.5.1.1.1}{\376\377\0005\000.\0001\000.\0001\000.\0001\000\040\000L\000o\000g\000i\000n\000A\000s\000y\000n\000c\000\050\000\051}{subsection.5.1.1}% 32
\BOOKMARK [3][-]{subsubsection.5.1.1.2}{\376\377\0005\000.\0001\000.\0001\000.\0002\000\040\000L\000o\000g\000o\000u\000t\000A\000s\000y\000n\000c\000\050\000\051}{subsection.5.1.1}% 33
\BOOKMARK [1][-]{section.5.2}{\376\377\0005\000.\0002\000\040\000C\000o\000m\000m\000e\000n\000t\000\040\000C\000l\000a\000s\000s\000\040\000R\000e\000f\000e\000r\000e\000n\000c\000e}{chapter.5}% 34
\BOOKMARK [1][-]{section.5.3}{\376\377\0005\000.\0003\000\040\000C\000o\000m\000m\000e\000n\000t\000C\000o\000m\000p\000\040\000C\000l\000a\000s\000s\000\040\000R\000e\000f\000e\000r\000e\000n\000c\000e}{chapter.5}% 35
\BOOKMARK [1][-]{section.5.4}{\376\377\0005\000.\0004\000\040\000C\000o\000m\000m\000e\000n\000t\000S\000e\000c\000t\000i\000o\000n\000\040\000C\000l\000a\000s\000s\000\040\000R\000e\000f\000e\000r\000e\000n\000c\000e}{chapter.5}% 36
\BOOKMARK [1][-]{section.5.5}{\376\377\0005\000.\0005\000\040\000C\000o\000n\000f\000i\000r\000m\000D\000i\000a\000l\000o\000g\000\040\000C\000l\000a\000s\000s\000\040\000R\000e\000f\000e\000r\000e\000n\000c\000e}{chapter.5}% 37
\BOOKMARK [1][-]{section.5.6}{\376\377\0005\000.\0006\000\040\000D\000a\000t\000a\000b\000a\000s\000e\000O\000p\000e\000r\000a\000t\000i\000o\000n\000E\000x\000c\000e\000p\000t\000i\000o\000n\000\040\000C\000l\000a\000s\000s\000\040\000R\000e\000f\000e\000r\000e\000n\000c\000e}{chapter.5}% 38
\BOOKMARK [1][-]{section.5.7}{\376\377\0005\000.\0007\000\040\000D\000i\000a\000l\000o\000g\000<\000\040\000T\000R\000e\000s\000u\000l\000t\000\040\000>\000\040\000C\000l\000a\000s\000s\000\040\000T\000e\000m\000p\000l\000a\000t\000e\000\040\000R\000e\000f\000e\000r\000e\000n\000c\000e}{chapter.5}% 39
\BOOKMARK [2][-]{subsection.5.7.1}{\376\377\0005\000.\0007\000.\0001\000\040\000D\000e\000t\000a\000i\000l\000e\000d\000\040\000D\000e\000s\000c\000r\000i\000p\000t\000i\000o\000n}{section.5.7}% 40
\BOOKMARK [2][-]{subsection.5.7.2}{\376\377\0005\000.\0007\000.\0002\000\040\000M\000e\000m\000b\000e\000r\000\040\000F\000u\000n\000c\000t\000i\000o\000n\000\040\000D\000o\000c\000u\000m\000e\000n\000t\000a\000t\000i\000o\000n}{section.5.7}% 41
\BOOKMARK [3][-]{subsubsection.5.7.2.1}{\376\377\0005\000.\0007\000.\0002\000.\0001\000\040\000O\000p\000e\000n\000D\000i\000a\000l\000o\000g\000\050\000\051}{subsection.5.7.2}% 42
\BOOKMARK [1][-]{section.5.8}{\376\377\0005\000.\0008\000\040\000D\000i\000a\000l\000o\000g\000B\000a\000s\000e\000\040\000C\000l\000a\000s\000s\000\040\000R\000e\000f\000e\000r\000e\000n\000c\000e}{chapter.5}% 43
\BOOKMARK [1][-]{section.5.9}{\376\377\0005\000.\0009\000\040\000D\000i\000a\000l\000o\000g\000R\000e\000s\000u\000l\000t\000<\000\040\000T\000R\000e\000s\000u\000l\000t\000\040\000>\000\040\000S\000t\000r\000u\000c\000t\000\040\000T\000e\000m\000p\000l\000a\000t\000e\000\040\000R\000e\000f\000e\000r\000e\000n\000c\000e}{chapter.5}% 44
\BOOKMARK [2][-]{subsection.5.9.1}{\376\377\0005\000.\0009\000.\0001\000\040\000D\000e\000t\000a\000i\000l\000e\000d\000\040\000D\000e\000s\000c\000r\000i\000p\000t\000i\000o\000n}{section.5.9}% 45
\BOOKMARK [1][-]{section.5.10}{\376\377\0005\000.\0001\0000\000\040\000D\000r\000o\000p\000z\000o\000n\000e\000\040\000C\000l\000a\000s\000s\000\040\000R\000e\000f\000e\000r\000e\000n\000c\000e}{chapter.5}% 46
\BOOKMARK [2][-]{subsection.5.10.1}{\376\377\0005\000.\0001\0000\000.\0001\000\040\000M\000e\000m\000b\000e\000r\000\040\000F\000u\000n\000c\000t\000i\000o\000n\000\040\000D\000o\000c\000u\000m\000e\000n\000t\000a\000t\000i\000o\000n}{section.5.10}% 47
\BOOKMARK [3][-]{subsubsection.5.10.1.1}{\376\377\0005\000.\0001\0000\000.\0001\000.\0001\000\040\000S\000e\000t\000A\000c\000t\000i\000v\000e\000\050\000\051}{subsection.5.10.1}% 48
\BOOKMARK [1][-]{section.5.11}{\376\377\0005\000.\0001\0001\000\040\000H\000i\000s\000t\000o\000g\000r\000a\000m\000<\000\040\000T\000V\000a\000l\000u\000e\000,\000\040\000T\000L\000a\000b\000e\000l\000\040\000>\000\040\000C\000l\000a\000s\000s\000\040\000T\000e\000m\000p\000l\000a\000t\000e\000\040\000R\000e\000f\000e\000r\000e\000n\000c\000e}{chapter.5}% 49
\BOOKMARK [2][-]{subsection.5.11.1}{\376\377\0005\000.\0001\0001\000.\0001\000\040\000D\000e\000t\000a\000i\000l\000e\000d\000\040\000D\000e\000s\000c\000r\000i\000p\000t\000i\000o\000n}{section.5.11}% 50
\BOOKMARK [1][-]{section.5.12}{\376\377\0005\000.\0001\0002\000\040\000I\000C\000o\000m\000m\000e\000n\000t\000s\000L\000i\000s\000t\000i\000n\000g\000\040\000I\000n\000t\000e\000r\000f\000a\000c\000e\000\040\000R\000e\000f\000e\000r\000e\000n\000c\000e}{chapter.5}% 51
\BOOKMARK [2][-]{subsection.5.12.1}{\376\377\0005\000.\0001\0002\000.\0001\000\040\000M\000e\000m\000b\000e\000r\000\040\000F\000u\000n\000c\000t\000i\000o\000n\000\040\000D\000o\000c\000u\000m\000e\000n\000t\000a\000t\000i\000o\000n}{section.5.12}% 52
\BOOKMARK [3][-]{subsubsection.5.12.1.1}{\376\377\0005\000.\0001\0002\000.\0001\000.\0001\000\040\000G\000e\000t\000C\000o\000m\000m\000e\000n\000t\000s\000B\000y\000P\000a\000g\000e\000A\000s\000y\000n\000c\000\050\000\051}{subsection.5.12.1}% 53
\BOOKMARK [3][-]{subsubsection.5.12.1.2}{\376\377\0005\000.\0001\0002\000.\0001\000.\0002\000\040\000G\000e\000t\000C\000o\000m\000m\000e\000n\000t\000s\000B\000y\000U\000s\000e\000r\000A\000s\000y\000n\000c\000\050\000\051}{subsection.5.12.1}% 54
\BOOKMARK [1][-]{section.5.13}{\376\377\0005\000.\0001\0003\000\040\000I\000D\000b\000R\000e\000p\000o\000s\000i\000t\000o\000r\000y\000<\000\040\000T\000M\000o\000d\000e\000l\000\040\000>\000\040\000I\000n\000t\000e\000r\000f\000a\000c\000e\000\040\000T\000e\000m\000p\000l\000a\000t\000e\000\040\000R\000e\000f\000e\000r\000e\000n\000c\000e}{chapter.5}% 55
\BOOKMARK [2][-]{subsection.5.13.1}{\376\377\0005\000.\0001\0003\000.\0001\000\040\000D\000e\000t\000a\000i\000l\000e\000d\000\040\000D\000e\000s\000c\000r\000i\000p\000t\000i\000o\000n}{section.5.13}% 56
\BOOKMARK [2][-]{subsection.5.13.2}{\376\377\0005\000.\0001\0003\000.\0002\000\040\000M\000e\000m\000b\000e\000r\000\040\000F\000u\000n\000c\000t\000i\000o\000n\000\040\000D\000o\000c\000u\000m\000e\000n\000t\000a\000t\000i\000o\000n}{section.5.13}% 57
\BOOKMARK [3][-]{subsubsection.5.13.2.1}{\376\377\0005\000.\0001\0003\000.\0002\000.\0001\000\040\000C\000r\000e\000a\000t\000e\000A\000s\000y\000n\000c\000\050\000\051}{subsection.5.13.2}% 58
\BOOKMARK [3][-]{subsubsection.5.13.2.2}{\376\377\0005\000.\0001\0003\000.\0002\000.\0002\000\040\000D\000e\000l\000e\000t\000e\000A\000s\000y\000n\000c\000\050\000\051}{subsection.5.13.2}% 59
\BOOKMARK [3][-]{subsubsection.5.13.2.3}{\376\377\0005\000.\0001\0003\000.\0002\000.\0003\000\040\000G\000e\000t\000B\000y\000I\000d\000\050\000\051\000\040\000[\0001\000/\0002\000]}{subsection.5.13.2}% 60
\BOOKMARK [3][-]{subsubsection.5.13.2.4}{\376\377\0005\000.\0001\0003\000.\0002\000.\0004\000\040\000G\000e\000t\000B\000y\000I\000d\000\050\000\051\000\040\000[\0002\000/\0002\000]}{subsection.5.13.2}% 61
\BOOKMARK [3][-]{subsubsection.5.13.2.5}{\376\377\0005\000.\0001\0003\000.\0002\000.\0005\000\040\000G\000e\000t\000B\000y\000I\000d\000A\000s\000y\000n\000c\000\050\000\051}{subsection.5.13.2}% 62
\BOOKMARK [3][-]{subsubsection.5.13.2.6}{\376\377\0005\000.\0001\0003\000.\0002\000.\0006\000\040\000G\000e\000t\000B\000y\000I\000d\000s\000A\000s\000y\000n\000c\000\050\000\051}{subsection.5.13.2}% 63
\BOOKMARK [3][-]{subsubsection.5.13.2.7}{\376\377\0005\000.\0001\0003\000.\0002\000.\0007\000\040\000U\000p\000d\000a\000t\000e\000A\000s\000y\000n\000c\000\050\000\051}{subsection.5.13.2}% 64
\BOOKMARK [1][-]{section.5.14}{\376\377\0005\000.\0001\0004\000\040\000I\000I\000d\000e\000n\000t\000i\000t\000y\000P\000r\000o\000v\000i\000d\000e\000r\000\040\000I\000n\000t\000e\000r\000f\000a\000c\000e\000\040\000R\000e\000f\000e\000r\000e\000n\000c\000e}{chapter.5}% 65
\BOOKMARK [2][-]{subsection.5.14.1}{\376\377\0005\000.\0001\0004\000.\0001\000\040\000M\000e\000m\000b\000e\000r\000\040\000F\000u\000n\000c\000t\000i\000o\000n\000\040\000D\000o\000c\000u\000m\000e\000n\000t\000a\000t\000i\000o\000n}{section.5.14}% 66
\BOOKMARK [3][-]{subsubsection.5.14.1.1}{\376\377\0005\000.\0001\0004\000.\0001\000.\0001\000\040\000A\000s\000s\000i\000g\000n\000R\000o\000l\000e\000A\000s\000y\000n\000c\000\050\000\051}{subsection.5.14.1}% 67
\BOOKMARK [3][-]{subsubsection.5.14.1.2}{\376\377\0005\000.\0001\0004\000.\0001\000.\0002\000\040\000A\000u\000t\000h\000o\000r\000i\000z\000e\000U\000s\000e\000r\000B\000y\000I\000d\000\050\000\051}{subsection.5.14.1}% 68
\BOOKMARK [3][-]{subsubsection.5.14.1.3}{\376\377\0005\000.\0001\0004\000.\0001\000.\0003\000\040\000G\000e\000t\000U\000s\000e\000r\000I\000d\000\050\000\051}{subsection.5.14.1}% 69
\BOOKMARK [3][-]{subsubsection.5.14.1.4}{\376\377\0005\000.\0001\0004\000.\0001\000.\0004\000\040\000I\000s\000A\000u\000t\000h\000e\000n\000t\000i\000c\000a\000t\000e\000d\000\050\000\051}{subsection.5.14.1}% 70
\BOOKMARK [3][-]{subsubsection.5.14.1.5}{\376\377\0005\000.\0001\0004\000.\0001\000.\0005\000\040\000L\000o\000g\000i\000n\000U\000s\000e\000r\000A\000s\000y\000n\000c\000\050\000\051}{subsection.5.14.1}% 71
\BOOKMARK [3][-]{subsubsection.5.14.1.6}{\376\377\0005\000.\0001\0004\000.\0001\000.\0006\000\040\000L\000o\000g\000O\000u\000t\000U\000s\000e\000r\000A\000s\000y\000n\000c\000\050\000\051}{subsection.5.14.1}% 72
\BOOKMARK [3][-]{subsubsection.5.14.1.7}{\376\377\0005\000.\0001\0004\000.\0001\000.\0007\000\040\000S\000i\000g\000n\000U\000p\000U\000s\000e\000r\000A\000s\000y\000n\000c\000\050\000\051}{subsection.5.14.1}% 73
\BOOKMARK [1][-]{section.5.15}{\376\377\0005\000.\0001\0005\000\040\000I\000n\000p\000u\000t\000D\000i\000a\000l\000o\000g\000\040\000C\000l\000a\000s\000s\000\040\000R\000e\000f\000e\000r\000e\000n\000c\000e}{chapter.5}% 74
\BOOKMARK [1][-]{section.5.16}{\376\377\0005\000.\0001\0006\000\040\000I\000S\000e\000a\000r\000c\000h\000O\000p\000e\000r\000a\000t\000i\000o\000n\000<\000\040\000T\000M\000o\000d\000e\000l\000\040\000>\000\040\000I\000n\000t\000e\000r\000f\000a\000c\000e\000\040\000T\000e\000m\000p\000l\000a\000t\000e\000\040\000R\000e\000f\000e\000r\000e\000n\000c\000e}{chapter.5}% 75
\BOOKMARK [2][-]{subsection.5.16.1}{\376\377\0005\000.\0001\0006\000.\0001\000\040\000D\000e\000t\000a\000i\000l\000e\000d\000\040\000D\000e\000s\000c\000r\000i\000p\000t\000i\000o\000n}{section.5.16}% 76
\BOOKMARK [2][-]{subsection.5.16.2}{\376\377\0005\000.\0001\0006\000.\0002\000\040\000M\000e\000m\000b\000e\000r\000\040\000F\000u\000n\000c\000t\000i\000o\000n\000\040\000D\000o\000c\000u\000m\000e\000n\000t\000a\000t\000i\000o\000n}{section.5.16}% 77
\BOOKMARK [3][-]{subsubsection.5.16.2.1}{\376\377\0005\000.\0001\0006\000.\0002\000.\0001\000\040\000S\000e\000a\000r\000c\000h\000A\000s\000y\000n\000c\000\050\000\051}{subsection.5.16.2}% 78
\BOOKMARK [1][-]{section.5.17}{\376\377\0005\000.\0001\0007\000\040\000I\000S\000o\000n\000g\000R\000a\000t\000i\000n\000g\000L\000i\000s\000t\000i\000n\000g\000\040\000I\000n\000t\000e\000r\000f\000a\000c\000e\000\040\000R\000e\000f\000e\000r\000e\000n\000c\000e}{chapter.5}% 79
\BOOKMARK [2][-]{subsection.5.17.1}{\376\377\0005\000.\0001\0007\000.\0001\000\040\000M\000e\000m\000b\000e\000r\000\040\000F\000u\000n\000c\000t\000i\000o\000n\000\040\000D\000o\000c\000u\000m\000e\000n\000t\000a\000t\000i\000o\000n}{section.5.17}% 80
\BOOKMARK [3][-]{subsubsection.5.17.1.1}{\376\377\0005\000.\0001\0007\000.\0001\000.\0001\000\040\000G\000e\000t\000R\000a\000t\000i\000n\000g\000s\000B\000y\000S\000o\000n\000g\000A\000s\000y\000n\000c\000\050\000\051}{subsection.5.17.1}% 81
\BOOKMARK [3][-]{subsubsection.5.17.1.2}{\376\377\0005\000.\0001\0007\000.\0001\000.\0002\000\040\000G\000e\000t\000R\000a\000t\000i\000n\000g\000s\000B\000y\000U\000s\000e\000r\000A\000s\000y\000n\000c\000\050\000\051}{subsection.5.17.1}% 82
\BOOKMARK [3][-]{subsubsection.5.17.1.3}{\376\377\0005\000.\0001\0007\000.\0001\000.\0003\000\040\000G\000e\000t\000S\000o\000n\000g\000R\000a\000t\000i\000n\000g\000A\000s\000y\000n\000c\000\050\000\051}{subsection.5.17.1}% 83
\BOOKMARK [1][-]{section.5.18}{\376\377\0005\000.\0001\0008\000\040\000I\000S\000o\000n\000g\000S\000t\000a\000t\000s\000C\000a\000l\000c\000u\000l\000a\000t\000i\000o\000n\000\040\000I\000n\000t\000e\000r\000f\000a\000c\000e\000\040\000R\000e\000f\000e\000r\000e\000n\000c\000e}{chapter.5}% 84
\BOOKMARK [2][-]{subsection.5.18.1}{\376\377\0005\000.\0001\0008\000.\0001\000\040\000M\000e\000m\000b\000e\000r\000\040\000F\000u\000n\000c\000t\000i\000o\000n\000\040\000D\000o\000c\000u\000m\000e\000n\000t\000a\000t\000i\000o\000n}{section.5.18}% 85
\BOOKMARK [3][-]{subsubsection.5.18.1.1}{\376\377\0005\000.\0001\0008\000.\0001\000.\0001\000\040\000C\000a\000l\000c\000u\000l\000a\000t\000e\000S\000o\000n\000g\000S\000t\000a\000t\000s\000A\000s\000y\000n\000c\000\050\000\051}{subsection.5.18.1}% 86
\BOOKMARK [1][-]{section.5.19}{\376\377\0005\000.\0001\0009\000\040\000I\000S\000o\000n\000g\000S\000u\000b\000m\000i\000s\000s\000i\000o\000n\000\040\000I\000n\000t\000e\000r\000f\000a\000c\000e\000\040\000R\000e\000f\000e\000r\000e\000n\000c\000e}{chapter.5}% 87
\BOOKMARK [2][-]{subsection.5.19.1}{\376\377\0005\000.\0001\0009\000.\0001\000\040\000M\000e\000m\000b\000e\000r\000\040\000F\000u\000n\000c\000t\000i\000o\000n\000\040\000D\000o\000c\000u\000m\000e\000n\000t\000a\000t\000i\000o\000n}{section.5.19}% 88
\BOOKMARK [3][-]{subsubsection.5.19.1.1}{\376\377\0005\000.\0001\0009\000.\0001\000.\0001\000\040\000S\000u\000b\000m\000i\000t\000S\000o\000n\000g\000A\000s\000y\000n\000c\000\050\000\051}{subsection.5.19.1}% 89
\BOOKMARK [1][-]{section.5.20}{\376\377\0005\000.\0002\0000\000\040\000I\000U\000s\000e\000r\000L\000o\000g\000i\000n\000D\000t\000o\000\040\000I\000n\000t\000e\000r\000f\000a\000c\000e\000\040\000R\000e\000f\000e\000r\000e\000n\000c\000e}{chapter.5}% 90
\BOOKMARK [1][-]{section.5.21}{\376\377\0005\000.\0002\0001\000\040\000I\000U\000s\000e\000r\000S\000i\000g\000n\000u\000p\000D\000t\000o\000\040\000I\000n\000t\000e\000r\000f\000a\000c\000e\000\040\000R\000e\000f\000e\000r\000e\000n\000c\000e}{chapter.5}% 91
\BOOKMARK [1][-]{section.5.22}{\376\377\0005\000.\0002\0002\000\040\000I\000U\000s\000e\000r\000S\000t\000a\000t\000s\000C\000a\000l\000c\000u\000l\000a\000t\000i\000o\000n\000\040\000I\000n\000t\000e\000r\000f\000a\000c\000e\000\040\000R\000e\000f\000e\000r\000e\000n\000c\000e}{chapter.5}% 92
\BOOKMARK [2][-]{subsection.5.22.1}{\376\377\0005\000.\0002\0002\000.\0001\000\040\000M\000e\000m\000b\000e\000r\000\040\000F\000u\000n\000c\000t\000i\000o\000n\000\040\000D\000o\000c\000u\000m\000e\000n\000t\000a\000t\000i\000o\000n}{section.5.22}% 93
\BOOKMARK [3][-]{subsubsection.5.22.1.1}{\376\377\0005\000.\0002\0002\000.\0001\000.\0001\000\040\000C\000a\000l\000c\000u\000l\000a\000t\000e\000U\000s\000e\000r\000S\000t\000a\000t\000s\000A\000s\000y\000n\000c\000\050\000\051}{subsection.5.22.1}% 94
\BOOKMARK [1][-]{section.5.23}{\376\377\0005\000.\0002\0003\000\040\000A\000u\000t\000h\000C\000o\000n\000t\000r\000o\000l\000l\000e\000r\000.\000L\000o\000g\000i\000n\000D\000t\000o\000\040\000C\000l\000a\000s\000s\000\040\000R\000e\000f\000e\000r\000e\000n\000c\000e}{chapter.5}% 95
\BOOKMARK [2][-]{subsection.5.23.1}{\376\377\0005\000.\0002\0003\000.\0001\000\040\000P\000r\000o\000p\000e\000r\000t\000y\000\040\000D\000o\000c\000u\000m\000e\000n\000t\000a\000t\000i\000o\000n}{section.5.23}% 96
\BOOKMARK [3][-]{subsubsection.5.23.1.1}{\376\377\0005\000.\0002\0003\000.\0001\000.\0001\000\040\000P\000a\000s\000s\000w\000o\000r\000d}{subsection.5.23.1}% 97
\BOOKMARK [3][-]{subsubsection.5.23.1.2}{\376\377\0005\000.\0002\0003\000.\0001\000.\0002\000\040\000U\000s\000e\000r\000n\000a\000m\000e}{subsection.5.23.1}% 98
\BOOKMARK [1][-]{section.5.24}{\376\377\0005\000.\0002\0004\000\040\000L\000o\000g\000i\000n\000P\000a\000g\000e\000\040\000C\000l\000a\000s\000s\000\040\000R\000e\000f\000e\000r\000e\000n\000c\000e}{chapter.5}% 99
\BOOKMARK [1][-]{section.5.25}{\376\377\0005\000.\0002\0005\000\040\000M\000o\000d\000e\000l\000\040\000C\000l\000a\000s\000s\000\040\000R\000e\000f\000e\000r\000e\000n\000c\000e}{chapter.5}% 100
\BOOKMARK [1][-]{section.5.26}{\376\377\0005\000.\0002\0006\000\040\000M\000o\000n\000g\000o\000C\000o\000m\000m\000e\000n\000t\000s\000L\000i\000s\000t\000i\000n\000g\000\040\000C\000l\000a\000s\000s\000\040\000R\000e\000f\000e\000r\000e\000n\000c\000e}{chapter.5}% 101
\BOOKMARK [2][-]{subsection.5.26.1}{\376\377\0005\000.\0002\0006\000.\0001\000\040\000M\000e\000m\000b\000e\000r\000\040\000F\000u\000n\000c\000t\000i\000o\000n\000\040\000D\000o\000c\000u\000m\000e\000n\000t\000a\000t\000i\000o\000n}{section.5.26}% 102
\BOOKMARK [3][-]{subsubsection.5.26.1.1}{\376\377\0005\000.\0002\0006\000.\0001\000.\0001\000\040\000G\000e\000t\000C\000o\000m\000m\000e\000n\000t\000s\000B\000y\000P\000a\000g\000e\000A\000s\000y\000n\000c\000\050\000\051}{subsection.5.26.1}% 103
\BOOKMARK [3][-]{subsubsection.5.26.1.2}{\376\377\0005\000.\0002\0006\000.\0001\000.\0002\000\040\000G\000e\000t\000C\000o\000m\000m\000e\000n\000t\000s\000B\000y\000U\000s\000e\000r\000A\000s\000y\000n\000c\000\050\000\051}{subsection.5.26.1}% 104
\BOOKMARK [1][-]{section.5.27}{\376\377\0005\000.\0002\0007\000\040\000M\000o\000n\000g\000o\000D\000b\000C\000o\000n\000t\000e\000x\000t\000\040\000C\000l\000a\000s\000s\000\040\000R\000e\000f\000e\000r\000e\000n\000c\000e}{chapter.5}% 105
\BOOKMARK [2][-]{subsection.5.27.1}{\376\377\0005\000.\0002\0007\000.\0001\000\040\000M\000e\000m\000b\000e\000r\000\040\000F\000u\000n\000c\000t\000i\000o\000n\000\040\000D\000o\000c\000u\000m\000e\000n\000t\000a\000t\000i\000o\000n}{section.5.27}% 106
\BOOKMARK [3][-]{subsubsection.5.27.1.1}{\376\377\0005\000.\0002\0007\000.\0001\000.\0001\000\040\000C\000o\000n\000n\000e\000c\000t\000\050\000\051}{subsection.5.27.1}% 107
\BOOKMARK [1][-]{section.5.28}{\376\377\0005\000.\0002\0008\000\040\000M\000o\000n\000g\000o\000I\000d\000e\000n\000t\000i\000t\000y\000\040\000C\000l\000a\000s\000s\000\040\000R\000e\000f\000e\000r\000e\000n\000c\000e}{chapter.5}% 108
\BOOKMARK [2][-]{subsection.5.28.1}{\376\377\0005\000.\0002\0008\000.\0001\000\040\000C\000o\000n\000s\000t\000r\000u\000c\000t\000o\000r\000\040\000\046\000\040\000D\000e\000s\000t\000r\000u\000c\000t\000o\000r\000\040\000D\000o\000c\000u\000m\000e\000n\000t\000a\000t\000i\000o\000n}{section.5.28}% 109
\BOOKMARK [3][-]{subsubsection.5.28.1.1}{\376\377\0005\000.\0002\0008\000.\0001\000.\0001\000\040\000M\000o\000n\000g\000o\000I\000d\000e\000n\000t\000i\000t\000y\000\050\000\051}{subsection.5.28.1}% 110
\BOOKMARK [2][-]{subsection.5.28.2}{\376\377\0005\000.\0002\0008\000.\0002\000\040\000M\000e\000m\000b\000e\000r\000\040\000F\000u\000n\000c\000t\000i\000o\000n\000\040\000D\000o\000c\000u\000m\000e\000n\000t\000a\000t\000i\000o\000n}{section.5.28}% 111
\BOOKMARK [3][-]{subsubsection.5.28.2.1}{\376\377\0005\000.\0002\0008\000.\0002\000.\0001\000\040\000A\000s\000s\000i\000g\000n\000R\000o\000l\000e\000A\000s\000y\000n\000c\000\050\000\051}{subsection.5.28.2}% 112
\BOOKMARK [3][-]{subsubsection.5.28.2.2}{\376\377\0005\000.\0002\0008\000.\0002\000.\0002\000\040\000A\000u\000t\000h\000o\000r\000i\000z\000e\000U\000s\000e\000r\000B\000y\000I\000d\000\050\000\051}{subsection.5.28.2}% 113
\BOOKMARK [3][-]{subsubsection.5.28.2.3}{\376\377\0005\000.\0002\0008\000.\0002\000.\0003\000\040\000C\000o\000n\000f\000i\000g\000u\000r\000e\000\050\000\051}{subsection.5.28.2}% 114
\BOOKMARK [3][-]{subsubsection.5.28.2.4}{\376\377\0005\000.\0002\0008\000.\0002\000.\0004\000\040\000G\000e\000t\000U\000s\000e\000r\000I\000d\000\050\000\051}{subsection.5.28.2}% 115
\BOOKMARK [3][-]{subsubsection.5.28.2.5}{\376\377\0005\000.\0002\0008\000.\0002\000.\0005\000\040\000I\000s\000A\000u\000t\000h\000e\000n\000t\000i\000c\000a\000t\000e\000d\000\050\000\051}{subsection.5.28.2}% 116
\BOOKMARK [3][-]{subsubsection.5.28.2.6}{\376\377\0005\000.\0002\0008\000.\0002\000.\0006\000\040\000L\000o\000g\000i\000n\000U\000s\000e\000r\000A\000s\000y\000n\000c\000\050\000\051}{subsection.5.28.2}% 117
\BOOKMARK [3][-]{subsubsection.5.28.2.7}{\376\377\0005\000.\0002\0008\000.\0002\000.\0007\000\040\000L\000o\000g\000O\000u\000t\000U\000s\000e\000r\000A\000s\000y\000n\000c\000\050\000\051}{subsection.5.28.2}% 118
\BOOKMARK [3][-]{subsubsection.5.28.2.8}{\376\377\0005\000.\0002\0008\000.\0002\000.\0008\000\040\000S\000i\000g\000n\000U\000p\000U\000s\000e\000r\000A\000s\000y\000n\000c\000\050\000\051}{subsection.5.28.2}% 119
\BOOKMARK [1][-]{section.5.29}{\376\377\0005\000.\0002\0009\000\040\000M\000o\000n\000g\000o\000R\000e\000p\000o\000s\000i\000t\000o\000r\000y\000<\000\040\000T\000M\000o\000d\000e\000l\000\040\000>\000\040\000C\000l\000a\000s\000s\000\040\000T\000e\000m\000p\000l\000a\000t\000e\000\040\000R\000e\000f\000e\000r\000e\000n\000c\000e}{chapter.5}% 120
\BOOKMARK [2][-]{subsection.5.29.1}{\376\377\0005\000.\0002\0009\000.\0001\000\040\000D\000e\000t\000a\000i\000l\000e\000d\000\040\000D\000e\000s\000c\000r\000i\000p\000t\000i\000o\000n}{section.5.29}% 121
\BOOKMARK [2][-]{subsection.5.29.2}{\376\377\0005\000.\0002\0009\000.\0002\000\040\000M\000e\000m\000b\000e\000r\000\040\000F\000u\000n\000c\000t\000i\000o\000n\000\040\000D\000o\000c\000u\000m\000e\000n\000t\000a\000t\000i\000o\000n}{section.5.29}% 122
\BOOKMARK [3][-]{subsubsection.5.29.2.1}{\376\377\0005\000.\0002\0009\000.\0002\000.\0001\000\040\000C\000r\000e\000a\000t\000e\000A\000s\000y\000n\000c\000\050\000\051}{subsection.5.29.2}% 123
\BOOKMARK [3][-]{subsubsection.5.29.2.2}{\376\377\0005\000.\0002\0009\000.\0002\000.\0002\000\040\000D\000e\000l\000e\000t\000e\000A\000s\000y\000n\000c\000\050\000\051}{subsection.5.29.2}% 124
\BOOKMARK [3][-]{subsubsection.5.29.2.3}{\376\377\0005\000.\0002\0009\000.\0002\000.\0003\000\040\000G\000e\000t\000B\000y\000I\000d\000\050\000\051\000\040\000[\0001\000/\0002\000]}{subsection.5.29.2}% 125
\BOOKMARK [3][-]{subsubsection.5.29.2.4}{\376\377\0005\000.\0002\0009\000.\0002\000.\0004\000\040\000G\000e\000t\000B\000y\000I\000d\000\050\000\051\000\040\000[\0002\000/\0002\000]}{subsection.5.29.2}% 126
\BOOKMARK [3][-]{subsubsection.5.29.2.5}{\376\377\0005\000.\0002\0009\000.\0002\000.\0005\000\040\000G\000e\000t\000B\000y\000I\000d\000A\000s\000y\000n\000c\000\050\000\051}{subsection.5.29.2}% 127
\BOOKMARK [3][-]{subsubsection.5.29.2.6}{\376\377\0005\000.\0002\0009\000.\0002\000.\0006\000\040\000G\000e\000t\000B\000y\000I\000d\000s\000A\000s\000y\000n\000c\000\050\000\051}{subsection.5.29.2}% 128
\BOOKMARK [3][-]{subsubsection.5.29.2.7}{\376\377\0005\000.\0002\0009\000.\0002\000.\0007\000\040\000U\000p\000d\000a\000t\000e\000A\000s\000y\000n\000c\000\050\000\051}{subsection.5.29.2}% 129
\BOOKMARK [1][-]{section.5.30}{\376\377\0005\000.\0003\0000\000\040\000M\000o\000n\000g\000o\000S\000o\000n\000g\000R\000a\000t\000i\000n\000g\000L\000i\000s\000t\000i\000n\000g\000\040\000C\000l\000a\000s\000s\000\040\000R\000e\000f\000e\000r\000e\000n\000c\000e}{chapter.5}% 130
\BOOKMARK [2][-]{subsection.5.30.1}{\376\377\0005\000.\0003\0000\000.\0001\000\040\000M\000e\000m\000b\000e\000r\000\040\000F\000u\000n\000c\000t\000i\000o\000n\000\040\000D\000o\000c\000u\000m\000e\000n\000t\000a\000t\000i\000o\000n}{section.5.30}% 131
\BOOKMARK [3][-]{subsubsection.5.30.1.1}{\376\377\0005\000.\0003\0000\000.\0001\000.\0001\000\040\000G\000e\000t\000R\000a\000t\000i\000n\000g\000s\000B\000y\000S\000o\000n\000g\000A\000s\000y\000n\000c\000\050\000\051}{subsection.5.30.1}% 132
\BOOKMARK [3][-]{subsubsection.5.30.1.2}{\376\377\0005\000.\0003\0000\000.\0001\000.\0002\000\040\000G\000e\000t\000R\000a\000t\000i\000n\000g\000s\000B\000y\000U\000s\000e\000r\000A\000s\000y\000n\000c\000\050\000\051}{subsection.5.30.1}% 133
\BOOKMARK [3][-]{subsubsection.5.30.1.3}{\376\377\0005\000.\0003\0000\000.\0001\000.\0003\000\040\000G\000e\000t\000S\000o\000n\000g\000R\000a\000t\000i\000n\000g\000A\000s\000y\000n\000c\000\050\000\051}{subsection.5.30.1}% 134
\BOOKMARK [1][-]{section.5.31}{\376\377\0005\000.\0003\0001\000\040\000M\000o\000n\000g\000o\000S\000o\000n\000g\000S\000e\000a\000r\000c\000h\000\040\000C\000l\000a\000s\000s\000\040\000R\000e\000f\000e\000r\000e\000n\000c\000e}{chapter.5}% 135
\BOOKMARK [2][-]{subsection.5.31.1}{\376\377\0005\000.\0003\0001\000.\0001\000\040\000M\000e\000m\000b\000e\000r\000\040\000F\000u\000n\000c\000t\000i\000o\000n\000\040\000D\000o\000c\000u\000m\000e\000n\000t\000a\000t\000i\000o\000n}{section.5.31}% 136
\BOOKMARK [3][-]{subsubsection.5.31.1.1}{\376\377\0005\000.\0003\0001\000.\0001\000.\0001\000\040\000S\000e\000a\000r\000c\000h\000A\000s\000y\000n\000c\000\050\000\051}{subsection.5.31.1}% 137
\BOOKMARK [1][-]{section.5.32}{\376\377\0005\000.\0003\0002\000\040\000M\000o\000n\000g\000o\000S\000o\000n\000g\000s\000S\000t\000a\000t\000s\000C\000a\000l\000c\000u\000l\000a\000t\000i\000o\000n\000\040\000C\000l\000a\000s\000s\000\040\000R\000e\000f\000e\000r\000e\000n\000c\000e}{chapter.5}% 138
\BOOKMARK [2][-]{subsection.5.32.1}{\376\377\0005\000.\0003\0002\000.\0001\000\040\000M\000e\000m\000b\000e\000r\000\040\000F\000u\000n\000c\000t\000i\000o\000n\000\040\000D\000o\000c\000u\000m\000e\000n\000t\000a\000t\000i\000o\000n}{section.5.32}% 139
\BOOKMARK [3][-]{subsubsection.5.32.1.1}{\376\377\0005\000.\0003\0002\000.\0001\000.\0001\000\040\000C\000a\000l\000c\000u\000l\000a\000t\000e\000S\000o\000n\000g\000S\000t\000a\000t\000s\000A\000s\000y\000n\000c\000\050\000\051}{subsection.5.32.1}% 140
\BOOKMARK [1][-]{section.5.33}{\376\377\0005\000.\0003\0003\000\040\000M\000o\000n\000g\000o\000U\000s\000e\000r\000S\000e\000a\000r\000c\000h\000\040\000C\000l\000a\000s\000s\000\040\000R\000e\000f\000e\000r\000e\000n\000c\000e}{chapter.5}% 141
\BOOKMARK [2][-]{subsection.5.33.1}{\376\377\0005\000.\0003\0003\000.\0001\000\040\000M\000e\000m\000b\000e\000r\000\040\000F\000u\000n\000c\000t\000i\000o\000n\000\040\000D\000o\000c\000u\000m\000e\000n\000t\000a\000t\000i\000o\000n}{section.5.33}% 142
\BOOKMARK [3][-]{subsubsection.5.33.1.1}{\376\377\0005\000.\0003\0003\000.\0001\000.\0001\000\040\000S\000e\000a\000r\000c\000h\000A\000s\000y\000n\000c\000\050\000\051}{subsection.5.33.1}% 143
\BOOKMARK [1][-]{section.5.34}{\376\377\0005\000.\0003\0004\000\040\000M\000o\000n\000g\000o\000U\000s\000e\000r\000S\000t\000a\000t\000s\000C\000a\000l\000c\000u\000l\000a\000t\000i\000o\000n\000\040\000C\000l\000a\000s\000s\000\040\000R\000e\000f\000e\000r\000e\000n\000c\000e}{chapter.5}% 144
\BOOKMARK [2][-]{subsection.5.34.1}{\376\377\0005\000.\0003\0004\000.\0001\000\040\000M\000e\000m\000b\000e\000r\000\040\000F\000u\000n\000c\000t\000i\000o\000n\000\040\000D\000o\000c\000u\000m\000e\000n\000t\000a\000t\000i\000o\000n}{section.5.34}% 145
\BOOKMARK [3][-]{subsubsection.5.34.1.1}{\376\377\0005\000.\0003\0004\000.\0001\000.\0001\000\040\000C\000a\000l\000c\000u\000l\000a\000t\000e\000U\000s\000e\000r\000S\000t\000a\000t\000s\000A\000s\000y\000n\000c\000\050\000\051}{subsection.5.34.1}% 146
\BOOKMARK [1][-]{section.5.35}{\376\377\0005\000.\0003\0005\000\040\000R\000a\000t\000e\000S\000o\000n\000g\000C\000o\000m\000p\000\040\000C\000l\000a\000s\000s\000\040\000R\000e\000f\000e\000r\000e\000n\000c\000e}{chapter.5}% 147
\BOOKMARK [1][-]{section.5.36}{\376\377\0005\000.\0003\0006\000\040\000S\000e\000a\000r\000c\000h\000C\000o\000m\000p\000o\000n\000e\000n\000t\000<\000\040\000T\000M\000o\000d\000e\000l\000\040\000>\000\040\000C\000l\000a\000s\000s\000\040\000T\000e\000m\000p\000l\000a\000t\000e\000\040\000R\000e\000f\000e\000r\000e\000n\000c\000e}{chapter.5}% 148
\BOOKMARK [2][-]{subsection.5.36.1}{\376\377\0005\000.\0003\0006\000.\0001\000\040\000D\000e\000t\000a\000i\000l\000e\000d\000\040\000D\000e\000s\000c\000r\000i\000p\000t\000i\000o\000n}{section.5.36}% 149
\BOOKMARK [1][-]{section.5.37}{\376\377\0005\000.\0003\0007\000\040\000S\000e\000a\000r\000c\000h\000P\000a\000g\000e\000\040\000C\000l\000a\000s\000s\000\040\000R\000e\000f\000e\000r\000e\000n\000c\000e}{chapter.5}% 150
\BOOKMARK [1][-]{section.5.38}{\376\377\0005\000.\0003\0008\000\040\000S\000o\000n\000g\000\040\000C\000l\000a\000s\000s\000\040\000R\000e\000f\000e\000r\000e\000n\000c\000e}{chapter.5}% 151
\BOOKMARK [1][-]{section.5.39}{\376\377\0005\000.\0003\0009\000\040\000S\000o\000n\000g\000P\000a\000g\000e\000\040\000C\000l\000a\000s\000s\000\040\000R\000e\000f\000e\000r\000e\000n\000c\000e}{chapter.5}% 152
\BOOKMARK [1][-]{section.5.40}{\376\377\0005\000.\0004\0000\000\040\000S\000o\000n\000g\000R\000a\000t\000i\000n\000g\000\040\000C\000l\000a\000s\000s\000\040\000R\000e\000f\000e\000r\000e\000n\000c\000e}{chapter.5}% 153
\BOOKMARK [1][-]{section.5.41}{\376\377\0005\000.\0004\0001\000\040\000S\000o\000n\000g\000R\000a\000t\000i\000n\000g\000I\000t\000e\000m\000\040\000C\000l\000a\000s\000s\000\040\000R\000e\000f\000e\000r\000e\000n\000c\000e}{chapter.5}% 154
\BOOKMARK [1][-]{section.5.42}{\376\377\0005\000.\0004\0002\000\040\000S\000o\000n\000g\000R\000a\000t\000i\000n\000g\000S\000e\000c\000t\000i\000o\000n\000\040\000C\000l\000a\000s\000s\000\040\000R\000e\000f\000e\000r\000e\000n\000c\000e}{chapter.5}% 155
\BOOKMARK [1][-]{section.5.43}{\376\377\0005\000.\0004\0003\000\040\000S\000o\000n\000g\000S\000e\000a\000r\000c\000h\000I\000t\000e\000m\000\040\000C\000l\000a\000s\000s\000\040\000R\000e\000f\000e\000r\000e\000n\000c\000e}{chapter.5}% 156
\BOOKMARK [1][-]{section.5.44}{\376\377\0005\000.\0004\0004\000\040\000S\000o\000n\000g\000S\000t\000a\000t\000s\000\040\000C\000l\000a\000s\000s\000\040\000R\000e\000f\000e\000r\000e\000n\000c\000e}{chapter.5}% 157
\BOOKMARK [1][-]{section.5.45}{\376\377\0005\000.\0004\0005\000\040\000S\000o\000n\000g\000S\000u\000b\000m\000i\000s\000s\000i\000o\000n\000\040\000C\000l\000a\000s\000s\000\040\000R\000e\000f\000e\000r\000e\000n\000c\000e}{chapter.5}% 158
\BOOKMARK [2][-]{subsection.5.45.1}{\376\377\0005\000.\0004\0005\000.\0001\000\040\000M\000e\000m\000b\000e\000r\000\040\000F\000u\000n\000c\000t\000i\000o\000n\000\040\000D\000o\000c\000u\000m\000e\000n\000t\000a\000t\000i\000o\000n}{section.5.45}% 159
\BOOKMARK [3][-]{subsubsection.5.45.1.1}{\376\377\0005\000.\0004\0005\000.\0001\000.\0001\000\040\000S\000u\000b\000m\000i\000t\000S\000o\000n\000g\000A\000s\000y\000n\000c\000\050\000\051}{subsection.5.45.1}% 160
\BOOKMARK [1][-]{section.5.46}{\376\377\0005\000.\0004\0006\000\040\000S\000o\000n\000g\000S\000u\000b\000m\000i\000s\000s\000i\000o\000n\000P\000a\000g\000e\000\040\000C\000l\000a\000s\000s\000\040\000R\000e\000f\000e\000r\000e\000n\000c\000e}{chapter.5}% 161
\BOOKMARK [1][-]{section.5.47}{\376\377\0005\000.\0004\0007\000\040\000T\000h\000u\000m\000b\000n\000a\000i\000l\000\040\000C\000l\000a\000s\000s\000\040\000R\000e\000f\000e\000r\000e\000n\000c\000e}{chapter.5}% 162
\BOOKMARK [1][-]{section.5.48}{\376\377\0005\000.\0004\0008\000\040\000U\000s\000e\000r\000\040\000C\000l\000a\000s\000s\000\040\000R\000e\000f\000e\000r\000e\000n\000c\000e}{chapter.5}% 163
\BOOKMARK [1][-]{section.5.49}{\376\377\0005\000.\0004\0009\000\040\000U\000s\000e\000r\000P\000a\000g\000e\000\040\000C\000l\000a\000s\000s\000\040\000R\000e\000f\000e\000r\000e\000n\000c\000e}{chapter.5}% 164
\BOOKMARK [1][-]{section.5.50}{\376\377\0005\000.\0005\0000\000\040\000U\000s\000e\000r\000S\000e\000a\000r\000c\000h\000I\000t\000e\000m\000\040\000C\000l\000a\000s\000s\000\040\000R\000e\000f\000e\000r\000e\000n\000c\000e}{chapter.5}% 165
\BOOKMARK [1][-]{section.5.51}{\376\377\0005\000.\0005\0001\000\040\000U\000s\000e\000r\000S\000i\000g\000n\000u\000p\000F\000o\000r\000m\000\040\000C\000l\000a\000s\000s\000\040\000R\000e\000f\000e\000r\000e\000n\000c\000e}{chapter.5}% 166
\BOOKMARK [1][-]{section.5.52}{\376\377\0005\000.\0005\0002\000\040\000U\000s\000e\000r\000S\000t\000a\000t\000s\000\040\000C\000l\000a\000s\000s\000\040\000R\000e\000f\000e\000r\000e\000n\000c\000e}{chapter.5}% 167
\BOOKMARK [0][-]{section*.139}{\376\377\000I\000n\000d\000e\000x}{}% 168
